Archive member included to satisfy reference by file (symbol)

/home/omikey/Desktop/sample/../libsf2d/lib/libsf2d.a(sf2d_texture.o)
                              main.o (sf2d_create_texture_mem_RGBA8)
/home/omikey/Desktop/sample/../libsf2d/lib/libsf2d.a(sf2d.o)
                              main.o (sf2d_init)
/home/omikey/Desktop/sample/../libsf2d/lib/libsf2d.a(sf2d_draw.o)
                              main.o (sf2d_draw_rectangle)
/home/omikey/Desktop/sample/../libsf2d/lib/libsf2d.a(sf2d_private.o)
                              /home/omikey/Desktop/sample/../libsf2d/lib/libsf2d.a(sf2d.o) (GPU_SetDummyTexEnv)
/home/omikey/Desktop/sample/../libsf2d/lib/libsf2d.a(shader.vsh.o)
                              /home/omikey/Desktop/sample/../libsf2d/lib/libsf2d.a(sf2d.o) (shader_vsh_shbin_size)
/home/omikey/Desktop/sample/../libctru/lib/libctru.a(vram.o)
                              /home/omikey/Desktop/sample/../libsf2d/lib/libsf2d.a(sf2d_texture.o) (vramMemAlign)
/home/omikey/Desktop/sample/../libctru/lib/libctru.a(linear.o)
                              /home/omikey/Desktop/sample/../libsf2d/lib/libsf2d.a(sf2d_texture.o) (linearMemAlign)
/home/omikey/Desktop/sample/../libctru/lib/libctru.a(mem_pool.o)
                              /home/omikey/Desktop/sample/../libctru/lib/libctru.a(vram.o) (MemPool::Allocate(MemChunk&, unsigned long, int))
/home/omikey/Desktop/sample/../libctru/lib/libctru.a(os.o)
                              /home/omikey/Desktop/sample/../libsf2d/lib/libsf2d.a(sf2d_texture.o) (osConvertVirtToPhys)
/home/omikey/Desktop/sample/../libctru/lib/libctru.a(gfx.o)
                              /home/omikey/Desktop/sample/../libsf2d/lib/libsf2d.a(sf2d.o) (gfxSet3D)
/home/omikey/Desktop/sample/../libctru/lib/libctru.a(gpu-old.o)
                              /home/omikey/Desktop/sample/../libsf2d/lib/libsf2d.a(sf2d.o) (GPU_Init)
/home/omikey/Desktop/sample/../libctru/lib/libctru.a(shaderProgram.o)
                              /home/omikey/Desktop/sample/../libsf2d/lib/libsf2d.a(sf2d.o) (shaderInstanceGetUniformLocation)
/home/omikey/Desktop/sample/../libctru/lib/libctru.a(shbin.o)
                              /home/omikey/Desktop/sample/../libsf2d/lib/libsf2d.a(sf2d.o) (DVLB_Free)
/home/omikey/Desktop/sample/../libctru/lib/libctru.a(gx.o)
                              /home/omikey/Desktop/sample/../libctru/lib/libctru.a(gfx.o) (gxCmdBuf)
/home/omikey/Desktop/sample/../libctru/lib/libctru.a(gpu.o)
                              /home/omikey/Desktop/sample/../libctru/lib/libctru.a(gpu-old.o) (GPUCMD_SetBuffer)
/home/omikey/Desktop/sample/../libctru/lib/libctru.a(gspgpu.o)
                              /home/omikey/Desktop/sample/../libctru/lib/libctru.a(gfx.o) (gspInit)
/home/omikey/Desktop/sample/../libctru/lib/libctru.a(hid.o)
                              main.o (hidScanInput)
/home/omikey/Desktop/sample/../libctru/lib/libctru.a(fs.o)
                              internet.o (fsInit)
/home/omikey/Desktop/sample/../libctru/lib/libctru.a(apt.o)
                              /home/omikey/Desktop/sample/../libsf2d/lib/libsf2d.a(sf2d.o) (aptHook)
/home/omikey/Desktop/sample/../libctru/lib/libctru.a(ptmsysm.o)
                              /home/omikey/Desktop/sample/../libctru/lib/libctru.a(os.o) (ptmSysmInit)
/home/omikey/Desktop/sample/../libctru/lib/libctru.a(soc_gethostbyname.o)
                              util.o (gethostbyname)
/home/omikey/Desktop/sample/../libctru/lib/libctru.a(soc_socket.o)
                              util.o (socket)
/home/omikey/Desktop/sample/../libctru/lib/libctru.a(soc_recv.o)
                              websocket.o (recv)
/home/omikey/Desktop/sample/../libctru/lib/libctru.a(soc_getaddrinfo.o)
                              util.o (freeaddrinfo)
/home/omikey/Desktop/sample/../libctru/lib/libctru.a(soc_gai_strerror.o)
                              util.o (gai_strerror)
/home/omikey/Desktop/sample/../libctru/lib/libctru.a(soc_connect.o)
                              util.o (connect)
/home/omikey/Desktop/sample/../libctru/lib/libctru.a(soc_common.o)
                              /home/omikey/Desktop/sample/../libctru/lib/libctru.a(soc_gethostbyname.o) (_net_convert_error)
/home/omikey/Desktop/sample/../libctru/lib/libctru.a(soc_gethostid.o)
                              internet.o (gethostid)
/home/omikey/Desktop/sample/../libctru/lib/libctru.a(soc_inet_aton.o)
                              util.o (inet_aton)
/home/omikey/Desktop/sample/../libctru/lib/libctru.a(soc_fcntl.o)
                              util.o (fcntl)
/home/omikey/Desktop/sample/../libctru/lib/libctru.a(soc_inet_ntoa.o)
                              util.o (inet_ntoa)
/home/omikey/Desktop/sample/../libctru/lib/libctru.a(soc_init.o)
                              internet.o (socInit)
/home/omikey/Desktop/sample/../libctru/lib/libctru.a(soc_recvfrom.o)
                              /home/omikey/Desktop/sample/../libctru/lib/libctru.a(soc_init.o) (soc_recvfrom)
[...]
Memory Configuration

Name             Origin             Length             Attributes
*default*        0x0000000000000000 0xffffffffffffffff

Linker script and memory map

                0x0000000000100000                . = 0x100000
                0x0000000000100000                __start__ = .

.text           0x0000000000100000    0xdb638
 *(.crt0)
 .crt0          0x0000000000100000       0x94 /opt/devkitpro/devkitARM/lib/gcc/arm-none-eabi/5.3.0/../../../../arm-none-eabi/lib/armv6k/fpu/3dsx_crt0.o
                0x0000000000100000                _start
                0x0000000000100008                __service_ptr
                0x000000000010000c                __apt_appid
                0x0000000000100010                __heap_size
                0x0000000000100014                __linear_heap_size
                0x0000000000100018                __system_arglist
                0x000000000010001c                __system_runflags
 *(.init)
 .init          0x0000000000100094        0xc /opt/devkitpro/devkitARM/lib/gcc/arm-none-eabi/5.3.0/armv6k/fpu/crti.o
                0x0000000000100094                _init
 .init          0x00000000001000a0        0xc /opt/devkitpro/devkitARM/lib/gcc/arm-none-eabi/5.3.0/armv6k/fpu/crtn.o
                0x00000000001000ac                . = ALIGN (0x4)
 *(.text)
 .text          0x00000000001000ac      0x108 /opt/devkitpro/devkitARM/lib/gcc/arm-none-eabi/5.3.0/armv6k/fpu/crtbegin.o
 .text          0x00000000001001b4     0x157c websocket.o
                0x0000000000101184                sendPing
                0x00000000001011cc                sendPong
                0x0000000000101214                sendCloseing
                0x00000000001012e4                recvData
                0x00000000001015a0                sendUtf8Data
                0x00000000001015e0                sendBinary
                0x0000000000101628                wsCreateConnection
                0x00000000001016b4                wsContextNew
                0x00000000001016f4                wsContextFree
 .text          0x0000000000101730      0xc4c wsmask.o
                0x0000000000101730                print_usage
                0x0000000000101770                mask
                0x0000000000101e1c                unmask
                0x00000000001022b4                masking_ops
 .text          0x000000000010237c      0x224 internet.o
                0x0000000000102430                inet_ntop
                0x0000000000102494                internet_access
 .text          0x00000000001025a0      0x724 operations.o
                0x00000000001025a0                concatinate
                0x0000000000102610                getText
 .text          0x0000000000102cc4      0x958 main.o
                0x0000000000102cc4                main
 .text          0x000000000010361c     0x3bc4 util.o
                0x0000000000103694                base64_encode
                0x000000000010389c                base64_decode
                0x00000000001066c0                sha1Init
                0x000000000010674c                sha1Update
                0x00000000001068c8                sha1Final
                0x0000000000106a74                digest_to_hex
                0x0000000000106b14                sha1BuffHex
                0x0000000000106ba0                sha1Buff
                0x0000000000106c34                sha1File
                0x0000000000106e5c                ut_connect
                0x000000000010705c                ntohll
                0x00000000001070dc                htonll
                0x000000000010715c                str2lower
 .text          0x00000000001071e0     0x2160 /home/omikey/Desktop/sample/../libsf2d/lib/libsf2d.a(sf2d_texture.o)
                0x0000000000107304                sf2d_create_texture
                0x00000000001074f8                sf2d_free_texture
                0x0000000000107548                sf2d_fill_texture_from_RGBA8
                0x0000000000107600                sf2d_create_texture_mem_RGBA8
                0x0000000000107644                sf2d_bind_texture
                0x00000000001076b8                sf2d_bind_texture_color
                0x0000000000107730                sf2d_bind_texture_parameters
                0x00000000001077a8                sf2d_texture_set_params
                0x00000000001077b0                sf2d_texture_get_params
                0x00000000001077b8                sf2d_draw_texture
                0x00000000001078fc                sf2d_draw_texture_blend
                0x0000000000107a44                sf2d_draw_texture_rotate_hotspot
                0x0000000000107bf8                sf2d_draw_texture_rotate_hotspot_blend
                0x0000000000107db0                sf2d_draw_texture_rotate
                0x0000000000107f78                sf2d_draw_texture_rotate_blend
                0x0000000000108144                sf2d_draw_texture_part
                0x00000000001082c4                sf2d_draw_texture_part_blend
                0x0000000000108448                sf2d_draw_texture_scale
                0x00000000001085b4                sf2d_draw_texture_scale_blend
                0x0000000000108724                sf2d_draw_texture_part_scale
                0x000000000010887c                sf2d_draw_texture_part_scale_blend
                0x00000000001089d8                sf2d_draw_texture_part_rotate_scale
                0x0000000000108bfc                sf2d_draw_texture_part_rotate_scale_blend
                0x0000000000108e24                sf2d_draw_texture_depth
                0x0000000000108f84                sf2d_draw_texture_depth_blend
                0x00000000001090e8                sf2d_draw_quad_uv
                0x0000000000109218                sf2d_set_pixel
                0x00000000001092a4                sf2d_get_pixel
                0x0000000000109330                sf2d_texture_tile32
 .text          0x0000000000109340      0x774 /home/omikey/Desktop/sample/../libsf2d/lib/libsf2d.a(sf2d.o)
                0x0000000000109554                sf2d_init
                0x000000000010957c                sf2d_init_advanced
                0x000000000010959c                sf2d_fini
                0x0000000000109600                sf2d_set_3D
                0x000000000010960c                sf2d_start_frame
                0x00000000001097a0                sf2d_end_frame
                0x000000000010988c                sf2d_swapbuffers
                0x000000000010993c                sf2d_set_vblank_wait
                0x000000000010994c                sf2d_get_fps
                0x000000000010995c                sf2d_pool_malloc
                0x0000000000109988                sf2d_pool_memalign
                0x00000000001099c8                sf2d_pool_calloc
                0x0000000000109a08                sf2d_pool_space_free
                0x0000000000109a20                sf2d_pool_reset
                0x0000000000109a34                sf2d_set_clear_color
                0x0000000000109a48                sf2d_set_scissor_test
                0x0000000000109a94                sf2d_get_current_screen
                0x0000000000109aa4                sf2d_get_current_side
 .text          0x0000000000109ab4      0x60c /home/omikey/Desktop/sample/../libsf2d/lib/libsf2d.a(sf2d_draw.o)
                0x0000000000109ab4                sf2d_draw_line
                0x0000000000109c18                sf2d_draw_rectangle
                0x0000000000109d5c                sf2d_draw_rectangle_rotate
                0x0000000000109f44                sf2d_draw_fill_circle
 .text          0x000000000010a0c0      0x4b4 /home/omikey/Desktop/sample/../libsf2d/lib/libsf2d.a(sf2d_private.o)
                0x000000000010a0c0                GPU_SetDummyTexEnv
                0x000000000010a0f4                vector_mult_matrix4x4
                0x000000000010a178                matrix_gpu_set_uniform
                0x000000000010a188                matrix_copy
                0x000000000010a1c4                matrix_identity4x4
                0x000000000010a210                matrix_mult4x4
                0x000000000010a280                matrix_set_z_rotation
                0x000000000010a2f4                matrix_rotate_z
                0x000000000010a354                matrix_set_scaling
                0x000000000010a3a0                matrix_swap_xy
                0x000000000010a440                matrix_init_orthographic
                0x000000000010a554                next_pow2
 .text          0x000000000010a574       0x64 /home/omikey/Desktop/sample/../libctru/lib/libctru.a(stack_adjust.o)
                0x000000000010a574                initSystem
                0x000000000010a5b8                __ctru_exit
 .text          0x000000000010a5d8     0x110c /home/omikey/Desktop/sample/../libsftd/lib/libsftd.a(sftd.o)
                0x000000000010a748                sftd_init
                0x000000000010a788                sftd_fini
                0x000000000010a7cc                sftd_load_font_file
                0x000000000010a8ac                sftd_load_font_mem
                0x000000000010a970                sftd_free_font
                0x000000000010a9c0                sftd_draw_text
                0x000000000010ac0c                sftd_draw_textf
                0x000000000010ac6c                sftd_draw_wtext
                0x000000000010aeb8                sftd_draw_wtextf
                0x000000000010af24                sftd_get_text_width
                0x000000000010b0d0                sftd_draw_text_wrap
                0x000000000010b3bc                sftd_calc_bounding_box
                0x000000000010b680                sftd_draw_textf_wrap
 .text          0x000000000010b6e4      0x250 /home/omikey/Desktop/sample/../libsftd/lib/libsftd.a(texture_atlas.o)
                0x000000000010b6e4                texture_atlas_create
                0x000000000010b76c                texture_atlas_free
                0x000000000010b798                texture_atlas_insert
                0x000000000010b8ac                texture_atlas_exists
                0x000000000010b8c4                texture_atlas_get
 .text          0x000000000010b934      0x1d8 /home/omikey/Desktop/sample/../libsftd/lib/libsftd.a(bin_packing_2d.o)
                0x000000000010b934                bp2d_create
                0x000000000010b980                bp2d_free
                0x000000000010b9b4                bp2d_insert
 .text          0x000000000010bb0c      0x320 /home/omikey/Desktop/sample/../libsftd/lib/libsftd.a(int_htab.o)
                0x000000000010bb0c                int_htab_create
                0x000000000010bb48                int_htab_free
                0x000000000010bb94                int_htab_insert
                0x000000000010bc7c                int_htab_resize
                0x000000000010bce4                int_htab_find
                0x000000000010bd84                int_htab_erase
 .text          0x000000000010be2c       0xc8 /opt/devkitpro/portlibs/armv6k/lib/libfreetype.a(ftinit.o)
                0x000000000010be2c                FT_Add_Default_Modules
                0x000000000010be5c                FT_Init_FreeType
                0x000000000010bec8                FT_Done_FreeType
 .text          0x000000000010bef4     0xd0bc /opt/devkitpro/portlibs/armv6k/lib/libfreetype.a(ftbase.o)
                0x000000000010ca20                FT_RoundFix
                0x000000000010ca34                FT_CeilFix
                0x000000000010ca48                FT_FloorFix
                0x000000000010ca54                FT_Hypot
                0x000000000010cb78                FT_MulDiv
                0x000000000010cc78                FT_MulDiv_No_Round
                0x000000000010cd58                FT_MulFix
                0x000000000010cd78                FT_DivFix
                0x000000000010ce88                FT_Matrix_Multiply
                0x000000000010cfb8                FT_Matrix_Invert
                0x000000000010d07c                FT_Matrix_Multiply_Scaled
                0x000000000010d184                FT_Vector_Transform_Scaled
                0x000000000010d3dc                FT_Vector_NormLen
                0x000000000010d590                ft_corner_orientation
                0x000000000010d6a4                ft_corner_is_flat
                0x000000000010d734                FT_GlyphLoader_New
                0x000000000010d778                FT_GlyphLoader_Rewind
                0x000000000010d7b0                FT_GlyphLoader_Reset
                0x000000000010de80                FT_GlyphLoader_Done
                0x000000000010df84                FT_GlyphLoader_CreateExtra
                0x000000000010e064                FT_GlyphLoader_CheckSubGlyphs
                0x000000000010e190                FT_GlyphLoader_Prepare
                0x000000000010e20c                FT_GlyphLoader_Add
                0x000000000010e440                ft_service_list_lookup
                0x000000000010e4a0                ft_validator_init
                0x000000000010e4b8                ft_validator_run
                0x000000000010e4c0                ft_validator_error
                0x000000000010e4d4                FT_Stream_New
                0x000000000010e5ec                FT_Stream_Free
                0x000000000010e630                ft_glyphslot_free_bitmap
                0x000000000010e694                ft_glyphslot_set_bitmap
                0x000000000010e6ec                ft_glyphslot_alloc_bitmap
                0x000000000010e79c                FT_New_GlyphSlot
                0x000000000010e908                FT_Done_GlyphSlot
                0x000000000010e99c                FT_Set_Transform
                0x000000000010ea50                FT_Attach_File
                0x000000000010eb50                FT_Attach_Stream
                0x000000000010ece4                FT_Reference_Face
                0x000000000010ed04                FT_Done_Face
                0x000000000010edd8                FT_New_Size
                0x000000000010ef58                FT_Done_Size
                0x000000000010f090                FT_Match_Size
                0x000000000010f1c0                ft_synthesize_vertical_metrics
                0x000000000010f230                FT_Select_Metrics
                0x000000000010f4cc                FT_Request_Metrics
                0x000000000010f858                FT_Select_Size
                0x000000000010f8c4                FT_Request_Size
                0x000000000010f954                FT_Set_Char_Size
                0x000000000010fa1c                FT_Set_Pixel_Sizes
                0x000000000010faf0                FT_Get_Kerning
                0x000000000010fc18                FT_Get_Track_Kerning
                0x000000000010fc98                FT_Select_Charmap
                0x000000000010fda8                FT_Set_Charmap
                0x000000000010fe90                FT_Get_Charmap_Index
                0x000000000010fefc                FT_Get_Char_Index
                0x000000000010ff44                FT_Get_First_Char
                0x0000000000110008                FT_Get_Next_Char
                0x00000000001100a0                FT_Face_GetCharVariantIndex
                0x00000000001101b0                FT_Face_GetCharVariantIsDefault
                0x0000000000110298                FT_Face_GetVariantSelectors
                0x0000000000110378                FT_Face_GetVariantsOfChar
                0x0000000000110460                FT_Face_GetCharsOfVariant
                0x0000000000110548                FT_Get_Name_Index
                0x00000000001105f4                FT_Get_Glyph_Name
                0x00000000001106e0                FT_Get_Postscript_Name
                0x0000000000110768                FT_Get_Sfnt_Table
                0x00000000001107d4                FT_Load_Sfnt_Table
                0x0000000000110858                FT_Sfnt_Table_Info
                0x00000000001108e4                FT_Get_CMap_Language_ID
                0x0000000000110964                FT_Get_CMap_Format
                0x00000000001109e0                FT_Activate_Size
                0x0000000000110a1c                FT_Lookup_Renderer
                0x0000000000110a80                FT_Get_Renderer
                0x0000000000110ad0                FT_Set_Renderer
                0x0000000000110bd0                FT_Render_Glyph_Internal
                0x0000000000110cc8                FT_Render_Glyph
                0x0000000000110cf8                FT_Get_Module
                0x0000000000110d64                FT_Get_Module_Interface
                0x0000000000110dd4                ft_module_get_service
                0x0000000000110e58                FT_Remove_Module
                0x0000000000110e7c                FT_Property_Set
                0x0000000000110f70                FT_Property_Get
                0x0000000000111064                FT_Reference_Library
                0x0000000000111080                FT_New_Library
                0x00000000001110fc                FT_Library_Version
                0x0000000000111134                FT_Done_Library
                0x0000000000111300                FT_Set_Debug_Hook
                0x000000000011132c                FT_Get_TrueType_Engine_Type
                0x0000000000111400                FT_Get_SubGlyph_Info
                0x0000000000111494                FT_Outline_Decompose
                0x00000000001118a4                FT_Outline_Check
                0x000000000011194c                FT_Outline_Copy
                0x00000000001119f4                FT_Outline_Done_Internal
                0x0000000000111aa0                FT_Outline_Done
                0x0000000000111b60                FT_Outline_Get_CBox
                0x0000000000111bfc                FT_Outline_Translate
                0x0000000000111c50                FT_Outline_Reverse
                0x0000000000111d1c                FT_Outline_Render
                0x0000000000111dec                FT_Outline_Get_Bitmap
                0x0000000000111ec8                FT_Vector_Transform
                0x0000000000111f70                FT_Outline_Transform
                0x000000000011270c                FT_Load_Glyph
                0x0000000000112ac8                FT_Get_Advances
                0x0000000000112b40                FT_Get_Advance
                0x0000000000112e40                FT_Load_Char
                0x0000000000112ea4                FT_Outline_Get_Orientation
                0x0000000000112ff0                FT_Outline_EmboldenXY
                0x00000000001133d4                FT_Outline_Embolden
                0x00000000001133dc                FT_Raccess_Guess
                0x00000000001134f4                FT_Get_Sfnt_Name_Count
                0x0000000000113518                FT_Stream_OpenMemory
                0x0000000000113530                FT_Stream_Close
                0x0000000000113548                FT_Stream_Seek
                0x0000000000113594                FT_Stream_Skip
                0x00000000001135f8                FT_Stream_Pos
                0x0000000000113600                FT_Stream_Read
                0x0000000000113684                FT_Stream_ReadAt
                0x0000000000113704                FT_Stream_TryRead
                0x0000000000113774                FT_Stream_ExtractFrame
                0x00000000001138b4                FT_Stream_ReleaseFrame
                0x00000000001138f4                FT_Stream_EnterFrame
                0x0000000000113a14                FT_Stream_ExitFrame
                0x0000000000113a58                FT_Stream_GetChar
                0x0000000000113a7c                FT_Stream_GetUShort
                0x0000000000113aac                FT_Stream_GetUShortLE
                0x0000000000113adc                FT_Stream_GetUOffset
                0x0000000000113b18                FT_Stream_GetULong
                0x0000000000113b5c                FT_Stream_GetULongLE
                0x0000000000113ba0                FT_Stream_ReadChar
                0x0000000000113c30                FT_Stream_ReadUShort
                0x0000000000113cc8                FT_Raccess_Get_HeaderInfo
                0x0000000000113f38                FT_Stream_ReadUShortLE
                0x0000000000113fd0                FT_Stream_ReadUOffset
                0x0000000000114074                FT_Stream_ReadULong
                0x0000000000114bf0                FT_Stream_ReadULongLE
                0x0000000000114c9c                FT_Stream_ReadFields
                0x0000000000114f10                FT_Cos
                0x0000000000114fdc                FT_Sin
                0x00000000001150a8                FT_Tan
                0x0000000000115180                FT_Atan2
                0x00000000001151e8                FT_Vector_Unit
                0x00000000001152d0                FT_Vector_Rotate
                0x0000000000115518                FT_Vector_Length
                0x0000000000115660                FT_Vector_Polarize
                0x00000000001157b0                FT_Vector_From_Polar
                0x00000000001159e4                FT_Angle_Diff
                0x0000000000115a20                ft_mem_alloc
                0x0000000000115a80                FT_Add_Module
                0x0000000000115d90                ft_mem_qalloc
                0x0000000000115dd4                ft_mem_realloc
                0x0000000000115ed8                FT_GlyphLoader_CheckPoints
                0x0000000000116100                FT_CMap_Done
                0x0000000000116234                FT_CMap_New
                0x00000000001163a0                FT_Outline_New_Internal
                0x0000000000116504                FT_Raccess_Get_DataOffsets
                0x0000000000117458                FT_Open_Face
                0x0000000000117d80                FT_New_Face
                0x0000000000117dc0                FT_New_Memory_Face
                0x0000000000118520                FT_Get_Sfnt_Name
                0x0000000000118670                FT_Outline_New
                0x00000000001187b4                FT_GlyphLoader_CopyPoints
                0x0000000000118b1c                ft_mem_qrealloc
                0x0000000000118c3c                ft_mem_free
                0x0000000000118c4c                ft_mem_dup
                0x0000000000118cbc                ft_mem_strdup
                0x0000000000118d48                ft_mem_strcpyn
                0x0000000000118dac                FT_List_Find
                0x0000000000118df0                FT_List_Add
                0x0000000000118e24                FT_List_Insert
                0x0000000000118e58                FT_List_Remove
                0x0000000000118e88                FT_List_Up
                0x0000000000118ecc                FT_List_Iterate
                0x0000000000118f20                FT_List_Finalize
 .text          0x0000000000118fb0     0xc09c /opt/devkitpro/portlibs/armv6k/lib/libfreetype.a(truetype.o)
                0x000000000011f52c                TT_RunIns
                0x0000000000123864                TT_New_Context
 .text          0x000000000012504c     0x5bfc /opt/devkitpro/portlibs/armv6k/lib/libfreetype.a(type1.o)
 .text          0x000000000012ac48     0xe128 /opt/devkitpro/portlibs/armv6k/lib/libfreetype.a(cff.o)
 .text          0x0000000000138d70     0x1c90 /opt/devkitpro/portlibs/armv6k/lib/libfreetype.a(type1cid.o)
 .text          0x000000000013aa00     0x3318 /opt/devkitpro/portlibs/armv6k/lib/libfreetype.a(pfr.o)
 .text          0x000000000013dd18     0x1e58 /opt/devkitpro/portlibs/armv6k/lib/libfreetype.a(type42.o)
 .text          0x000000000013fb70     0x10e4 /opt/devkitpro/portlibs/armv6k/lib/libfreetype.a(winfnt.o)
 .text          0x0000000000140c54     0x21b0 /opt/devkitpro/portlibs/armv6k/lib/libfreetype.a(pcf.o)
 .text          0x0000000000142e04     0x5210 /opt/devkitpro/portlibs/armv6k/lib/libfreetype.a(bdf.o)
 .text          0x0000000000148014     0xa78c /opt/devkitpro/portlibs/armv6k/lib/libfreetype.a(sfnt.o)
 .text          0x00000000001527a0     0x8d0c /opt/devkitpro/portlibs/armv6k/lib/libfreetype.a(autofit.o)
                0x000000000015b468                af_get_coverage
                0x000000000015b470                af_get_char_index
 .text          0x000000000015b4ac     0x4408 /opt/devkitpro/portlibs/armv6k/lib/libfreetype.a(pshinter.o)
                0x000000000015e43c                ps_hints_apply
 .text          0x000000000015f8b4      0xc64 /opt/devkitpro/portlibs/armv6k/lib/libfreetype.a(raster.o)
 .text          0x0000000000160518     0x263c /opt/devkitpro/portlibs/armv6k/lib/libfreetype.a(smooth.o)
 .text          0x0000000000162b54     0x3c7c /opt/devkitpro/portlibs/armv6k/lib/libfreetype.a(ftcache.o)
                0x0000000000164ac8                FTC_Manager_LookupSize
                0x0000000000164c1c                FTC_Manager_LookupFace
                0x0000000000164ce4                FTC_Manager_New
                0x0000000000164de8                FTC_Manager_Done
                0x0000000000164f4c                FTC_Manager_Reset
                0x00000000001650a0                FTC_Manager_RemoveFaceID
                0x0000000000165354                FTC_Node_Unref
                0x000000000016537c                FTC_CMapCache_New
                0x0000000000165478                FTC_CMapCache_Lookup
                0x0000000000165710                FTC_ImageCache_New
                0x000000000016580c                FTC_ImageCache_Lookup
                0x0000000000165b28                FTC_ImageCache_LookupScaler
                0x0000000000165eec                FTC_SBitCache_New
                0x0000000000165fe8                FTC_SBitCache_Lookup
                0x000000000016638c                FTC_SBitCache_LookupScaler
 .text          0x00000000001667d0      0x9a4 /opt/devkitpro/portlibs/armv6k/lib/libfreetype.a(ftgzip.o)
                0x0000000000166ae0                FT_Stream_OpenGzip
                0x000000000016706c                FT_Gzip_Uncompress
 .text          0x0000000000167174     0x14a8 /opt/devkitpro/portlibs/armv6k/lib/libfreetype.a(ftlzw.o)
                0x000000000016739c                FT_Stream_OpenLZW
                0x0000000000167584                ft_lzwstate_reset
                0x00000000001675b0                ft_lzwstate_init
                0x000000000016761c                ft_lzwstate_done
                0x000000000016768c                ft_lzwstate_io
 .text          0x000000000016861c     0x6bb4 /opt/devkitpro/portlibs/armv6k/lib/libfreetype.a(psaux.o)
 .text          0x000000000016f1d0      0xa78 /opt/devkitpro/portlibs/armv6k/lib/libfreetype.a(psnames.o)
 .text          0x000000000016fc48      0x194 /opt/devkitpro/portlibs/armv6k/lib/libfreetype.a(ftsystem.o)
                0x000000000016fce4                FT_Stream_Open
                0x000000000016fd94                FT_New_Memory
                0x000000000016fdd8                FT_Done_Memory
 .text          0x000000000016fddc      0xf78 /opt/devkitpro/portlibs/armv6k/lib/libfreetype.a(ftbitmap.o)
                0x000000000016fddc                FT_Bitmap_Init
                0x000000000016fe0c                FT_Bitmap_New
                0x000000000016fe3c                FT_Bitmap_Copy
                0x000000000016ffe8                FT_Bitmap_Convert
                0x000000000017050c                FT_Bitmap_Embolden
                0x0000000000170c44                FT_GlyphSlot_Own_Bitmap
                0x0000000000170cf8                FT_Bitmap_Done
 .text          0x0000000000170d54      0x840 /opt/devkitpro/portlibs/armv6k/lib/libfreetype.a(ftglyph.o)
                0x0000000000170f6c                FT_Glyph_Copy
                0x0000000000171060                FT_Get_Glyph
                0x0000000000171180                FT_Glyph_Transform
                0x00000000001711e4                FT_Glyph_Get_CBox
                0x0000000000171288                FT_Done_Glyph
                0x00000000001712bc                FT_Glyph_To_Bitmap
 *fill*         0x0000000000171594        0x4 
 .text          0x0000000000171598     0x6cc8 /opt/devkitpro/portlibs/armv6k/lib/libpng16.a(png.o)
                0x0000000000171598                png_zalloc
                0x00000000001715f0                png_zfree
                0x0000000000171ef0                png_set_sig_bytes
                0x0000000000171f30                png_sig_cmp
                0x0000000000171fa0                png_reset_crc
                0x0000000000171fc0                png_calculate_crc
                0x0000000000172014                png_user_version_check
                0x0000000000172114                png_create_png_struct
                0x0000000000172228                png_create_info_struct
                0x0000000000172268                png_destroy_info_struct
                0x00000000001725f0                png_info_init_3
                0x0000000000172648                png_data_freer
                0x0000000000172694                png_free_data
                0x00000000001726a4                png_get_io_ptr
                0x00000000001726b0                png_init_io
                0x00000000001726bc                png_save_int_32
                0x00000000001726c0                png_convert_to_rfc1123_buffer
                0x00000000001728a4                png_convert_to_rfc1123
                0x0000000000172a98                png_get_copyright
                0x0000000000172aa4                png_get_libpng_ver
                0x0000000000172ab0                png_get_header_ver
                0x0000000000172abc                png_get_header_version
                0x0000000000172ac8                png_build_grayscale_palette
                0x0000000000172b28                png_handle_as_unknown
                0x0000000000172b9c                png_chunk_unknown_handling
                0x0000000000172c2c                png_reset_zstream
                0x0000000000172c44                png_access_version_number
                0x0000000000172c50                png_zstream_error
                0x0000000000172d34                png_colorspace_set_gamma
                0x0000000000172ea0                png_colorspace_sync_info
                0x0000000000172f10                png_colorspace_sync
                0x0000000000172f98                png_colorspace_set_sRGB
                0x000000000017321c                png_icc_check_length
                0x00000000001733b4                png_icc_check_header
                0x0000000000173710                png_icc_check_tag_table
                0x0000000000173848                png_icc_set_sRGB
                0x0000000000173a9c                png_colorspace_set_ICC
                0x0000000000173e74                png_colorspace_set_rgb_coefficients
                0x000000000017411c                png_check_IHDR
                0x00000000001743d4                png_check_fp_number
                0x000000000017466c                png_check_fp_string
                0x000000000017492c                png_ascii_from_fp
                0x0000000000175258                png_ascii_from_fixed
                0x0000000000175688                png_fixed
                0x0000000000175710                png_muldiv
                0x00000000001757c8                png_muldiv_warn
                0x0000000000175884                png_reciprocal
                0x0000000000175910                png_colorspace_set_endpoints
                0x0000000000176910                png_colorspace_set_chromaticities
                0x00000000001773e4                png_gamma_significant
                0x0000000000177404                png_reciprocal2
                0x00000000001774c0                png_gamma_8bit_correct
                0x0000000000177548                png_gamma_16bit_correct
                0x00000000001775dc                png_gamma_correct
                0x00000000001776ec                png_destroy_gamma_table
                0x0000000000177820                png_build_gamma_table
                0x000000000017815c                png_set_option
                0x00000000001781bc                png_image_free
                0x00000000001781f8                png_image_error
 .text          0x0000000000178260     0x1a6c /opt/devkitpro/portlibs/armv6k/lib/libpng16.a(pngerror.o)
                0x00000000001784cc                png_safecat
                0x0000000000178540                png_format_number
                0x00000000001786ac                png_warning
                0x00000000001787f4                png_warning_parameter
                0x0000000000178870                png_warning_parameter_unsigned
                0x0000000000178904                png_warning_parameter_signed
                0x00000000001789d0                png_formatted_warning
                0x0000000000178ca8                png_chunk_warning
                0x0000000000178e54                png_free_jmpbuf
                0x0000000000178ee4                png_longjmp
                0x0000000000178f10                png_error
                0x0000000000178f70                png_app_warning
                0x00000000001790c8                png_app_error
                0x0000000000179220                png_chunk_error
                0x000000000017924c                png_chunk_benign_error
                0x00000000001793f0                png_benign_error
                0x00000000001796c0                png_fixed_error
                0x0000000000179740                png_set_longjmp_fn
                0x0000000000179824                png_chunk_report
                0x0000000000179afc                png_set_error_fn
                0x0000000000179b10                png_get_error_ptr
                0x0000000000179b1c                png_safe_error
                0x0000000000179bc0                png_safe_warning
                0x0000000000179c34                png_safe_execute
 *fill*         0x0000000000179ccc        0x4 
 .text          0x0000000000179cd0     0x12d0 /opt/devkitpro/portlibs/armv6k/lib/libpng16.a(pngget.o)
                0x0000000000179cd0                png_get_valid
                0x0000000000179cec                png_get_rowbytes
                0x0000000000179d04                png_get_rows
                0x0000000000179d1c                png_get_image_width
                0x0000000000179d34                png_get_image_height
                0x0000000000179d4c                png_get_bit_depth
                0x0000000000179d64                png_get_color_type
                0x0000000000179d7c                png_get_filter_type
                0x0000000000179d94                png_get_interlace_type
                0x0000000000179dac                png_get_compression_type
                0x0000000000179dc4                png_get_x_pixels_per_meter
                0x0000000000179df8                png_get_y_pixels_per_meter
                0x0000000000179e2c                png_get_pixels_per_meter
                0x0000000000179e78                png_get_pixel_aspect_ratio
                0x0000000000179ec0                png_get_pixel_aspect_ratio_fixed
                0x0000000000179f50                png_get_x_offset_microns
                0x0000000000179f84                png_get_y_offset_microns
                0x0000000000179fb8                png_get_x_offset_pixels
                0x0000000000179fec                png_get_y_offset_pixels
                0x000000000017a020                png_get_pixels_per_inch
                0x000000000017a0ac                png_get_x_pixels_per_inch
                0x000000000017a128                png_get_y_pixels_per_inch
                0x000000000017a1a4                png_get_x_offset_inches_fixed
                0x000000000017a1f4                png_get_y_offset_inches_fixed
                0x000000000017a244                png_get_x_offset_inches
                0x000000000017a294                png_get_y_offset_inches
                0x000000000017a2e4                png_get_pHYs_dpi
                0x000000000017a3b0                png_get_channels
                0x000000000017a3c8                png_get_signature
                0x000000000017a3e0                png_get_bKGD
                0x000000000017a41c                png_get_cHRM
                0x000000000017a530                png_get_cHRM_XYZ
                0x000000000017a660                png_get_cHRM_XYZ_fixed
                0x000000000017a738                png_get_cHRM_fixed
                0x000000000017a7fc                png_get_gAMA_fixed
                0x000000000017a834                png_get_gAMA
                0x000000000017a888                png_get_sRGB
                0x000000000017a8c4                png_get_iCCP
                0x000000000017a968                png_get_sPLT
                0x000000000017a998                png_get_hIST
                0x000000000017a9d4                png_get_IHDR
                0x000000000017aa90                png_get_oFFs
                0x000000000017aafc                png_get_pCAL
                0x000000000017abcc                png_get_sCAL_fixed
                0x000000000017ac54                png_get_sCAL
                0x000000000017acac                png_get_sCAL_s
                0x000000000017acf0                png_get_pHYs
                0x000000000017ad50                png_get_PLTE
                0x000000000017ad94                png_get_sBIT
                0x000000000017add0                png_get_text
                0x000000000017ae18                png_get_tIME
                0x000000000017ae54                png_get_tRNS
                0x000000000017aee4                png_get_unknown_chunks
                0x000000000017af14                png_get_rgb_to_gray_status
                0x000000000017af20                png_get_user_chunk_ptr
                0x000000000017af2c                png_get_compression_buffer_size
                0x000000000017af48                png_get_user_width_max
                0x000000000017af54                png_get_user_height_max
                0x000000000017af60                png_get_chunk_cache_max
                0x000000000017af6c                png_get_chunk_malloc_max
                0x000000000017af78                png_get_io_state
                0x000000000017af80                png_get_io_chunk_type
                0x000000000017af88                png_get_palette_max
 .text          0x000000000017afa0      0x3ec /opt/devkitpro/portlibs/armv6k/lib/libpng16.a(pngmem.o)
                0x000000000017afa0                png_destroy_png_struct
                0x000000000017b008                png_calloc
                0x000000000017b080                png_malloc_base
                0x000000000017b0b0                png_malloc_array
                0x000000000017b12c                png_realloc_array
                0x000000000017b234                png_malloc
                0x000000000017b290                png_malloc_default
                0x000000000017b2d0                png_malloc_warn
                0x000000000017b334                png_free
                0x000000000017b358                png_free_default
                0x000000000017b36c                png_set_mem_fn
                0x000000000017b380                png_get_mem_ptr
 .text          0x000000000017b38c     0x76f8 /opt/devkitpro/portlibs/armv6k/lib/libpng16.a(pngread.o)
                0x0000000000180fd8                png_create_read_struct
                0x0000000000181030                png_create_read_struct_2
                0x000000000018108c                png_read_info
                0x000000000018109c                png_read_update_info
                0x00000000001810e0                png_start_read_image
                0x0000000000181104                png_read_row
                0x000000000018145c                png_read_rows
                0x0000000000181850                png_read_image
                0x0000000000181bec                png_read_end
                0x000000000018207c                png_destroy_read_struct
                0x0000000000182300                png_set_read_status_fn
                0x000000000018230c                png_read_png
                0x00000000001825c4                png_image_begin_read_from_stdio
                0x0000000000182774                png_image_begin_read_from_file
                0x000000000018283c                png_image_begin_read_from_memory
                0x00000000001828d8                png_image_finish_read
 .text          0x0000000000182a84       0xac /opt/devkitpro/portlibs/armv6k/lib/libpng16.a(pngrio.o)
                0x0000000000182a84                png_default_read_data
                0x0000000000182ac0                png_read_data
                0x0000000000182ae0                png_set_read_fn
 .text          0x0000000000182b30     0x5ff8 /opt/devkitpro/portlibs/armv6k/lib/libpng16.a(pngrtran.o)
                0x0000000000183e7c                png_set_crc_action
                0x0000000000183f58                png_set_background_fixed
                0x0000000000184010                png_set_background
                0x00000000001840e8                png_set_scale_16
                0x0000000000184120                png_set_strip_16
                0x0000000000184158                png_set_strip_alpha
                0x0000000000184190                png_set_alpha_mode_fixed
                0x000000000018438c                png_set_alpha_mode
                0x000000000018463c                png_set_quantize
                0x0000000000184ee4                png_set_gamma_fixed
                0x0000000000184fec                png_set_gamma
                0x0000000000185220                png_set_expand
                0x000000000018525c                png_set_palette_to_rgb
                0x0000000000185298                png_set_expand_gray_1_2_4_to_8
                0x00000000001852d0                png_set_tRNS_to_alpha
                0x000000000018530c                png_set_expand_16
                0x0000000000185348                png_set_gray_to_rgb
                0x0000000000185380                png_set_rgb_to_gray_fixed
                0x00000000001854d8                png_set_rgb_to_gray
                0x000000000018567c                png_set_read_user_transform_fn
                0x0000000000185690                png_init_read_transformations
                0x0000000000186378                png_read_transform_info
                0x0000000000186644                png_do_read_transformations
 .text          0x0000000000188b28     0x5320 /opt/devkitpro/portlibs/armv6k/lib/libpng16.a(pngrutil.o)
                0x0000000000189760                png_get_uint_31
                0x000000000018979c                png_get_uint_32
                0x00000000001897c0                png_get_int_32
                0x00000000001897f8                png_get_uint_16
                0x000000000018980c                png_read_sig
                0x00000000001898b8                png_read_chunk_header
                0x0000000000189a28                png_crc_read
                0x0000000000189a58                png_crc_finish
                0x0000000000189bd8                png_crc_error
                0x0000000000189c78                png_handle_IHDR
                0x0000000000189df0                png_handle_PLTE
                0x000000000018a040                png_handle_IEND
                0x000000000018a094                png_handle_gAMA
                0x000000000018a178                png_handle_sBIT
                0x000000000018a38c                png_handle_cHRM
                0x000000000018a64c                png_handle_sRGB
                0x000000000018a754                png_handle_iCCP
                0x000000000018ad38                png_handle_sPLT
                0x000000000018b058                png_handle_tRNS
                0x000000000018b294                png_handle_bKGD
                0x000000000018b4c4                png_handle_hIST
                0x000000000018b5fc                png_handle_pHYs
                0x000000000018b738                png_handle_oFFs
                0x000000000018b8d8                png_handle_pCAL
                0x000000000018bc88                png_handle_sCAL
                0x000000000018bf10                png_handle_tIME
                0x000000000018c024                png_handle_tEXt
                0x000000000018c1e4                png_handle_zTXt
                0x000000000018c438                png_handle_iTXt
                0x000000000018c7a0                png_handle_unknown
                0x000000000018caf8                png_check_chunk_name
                0x000000000018cbc0                png_combine_row
                0x000000000018d0b0                png_do_read_interlace
                0x000000000018d53c                png_read_filter_row
                0x000000000018d5c4                png_read_IDAT_data
                0x000000000018d940                png_read_finish_IDAT
                0x000000000018d9b8                png_read_finish_row
                0x000000000018db08                png_read_start_row
 .text          0x000000000018de48     0x1eb8 /opt/devkitpro/portlibs/armv6k/lib/libpng16.a(pngset.o)
                0x000000000018e1a8                png_set_bKGD
                0x000000000018e1f4                png_set_cHRM_fixed
                0x000000000018e284                png_set_cHRM_XYZ_fixed
                0x000000000018e31c                png_set_cHRM
                0x000000000018e470                png_set_cHRM_XYZ
                0x000000000018e5e4                png_set_gAMA_fixed
                0x000000000018e614                png_set_gAMA
                0x000000000018e658                png_set_hIST
                0x000000000018e704                png_set_IHDR
                0x000000000018e7e0                png_set_oFFs
                0x000000000018e80c                png_set_pCAL
                0x000000000018ea8c                png_set_sCAL_s
                0x000000000018ebf0                png_set_sCAL
                0x000000000018edbc                png_set_sCAL_fixed
                0x000000000018ef6c                png_set_pHYs
                0x000000000018ef98                png_set_PLTE
                0x000000000018f0cc                png_set_sBIT
                0x000000000018f110                png_set_sRGB
                0x000000000018f140                png_set_sRGB_gAMA_and_cHRM
                0x000000000018f180                png_set_iCCP
                0x000000000018f2d4                png_set_text
                0x000000000018f318                png_set_text_2
                0x000000000018f350                png_set_tIME
                0x000000000018f3f0                png_set_tRNS
                0x000000000018f530                png_set_sPLT
                0x000000000018f6a0                png_set_unknown_chunks
                0x000000000018f830                png_set_unknown_chunk_location
                0x000000000018f8dc                png_permit_mng_features
                0x000000000018f8f0                png_set_keep_unknown_chunks
                0x000000000018fba4                png_set_read_user_chunk_fn
                0x000000000018fbb4                png_set_rows
                0x000000000018fc10                png_set_compression_buffer_size
                0x000000000018fc94                png_set_invalid
                0x000000000018fcac                png_set_user_limits
                0x000000000018fcbc                png_set_chunk_cache_max
                0x000000000018fcc8                png_set_chunk_malloc_max
                0x000000000018fcd4                png_set_benign_errors
                0x000000000018fcec                png_set_check_for_invalid_index
 .text          0x000000000018fd00      0xa8c /opt/devkitpro/portlibs/armv6k/lib/libpng16.a(pngtrans.o)
                0x000000000018fd00                png_set_bgr
                0x000000000018fd14                png_set_swap
                0x000000000018fd34                png_set_packing
                0x000000000018fd5c                png_set_packswap
                0x000000000018fd7c                png_set_shift
                0x000000000018fda4                png_set_interlace_handling
                0x000000000018fdd4                png_set_filler
                0x000000000018fe5c                png_set_add_alpha
                0x000000000018ff04                png_set_swap_alpha
                0x000000000018ff18                png_set_invert_alpha
                0x000000000018ff2c                png_set_invert_mono
                0x000000000018ff40                png_do_invert
                0x0000000000190130                png_do_swap
                0x000000000019017c                png_do_packswap
                0x00000000001901e8                png_do_strip_channel
                0x0000000000190414                png_do_bgr
                0x0000000000190550                png_do_check_palette_indexes
                0x000000000019071c                png_set_user_transform_info
                0x0000000000190760                png_get_user_transform_ptr
                0x000000000019076c                png_get_current_row_number
                0x000000000019077c                png_get_current_pass_number
 .text          0x000000000019078c     0x37ac /opt/devkitpro/portlibs/armv6k/lib/libpng16.a(pngwrite.o)
                0x0000000000190da0                png_write_info_before_PLTE
                0x00000000001913e0                png_write_info
                0x00000000001913f0                png_write_end
                0x000000000019163c                png_convert_from_struct_tm
                0x000000000019167c                png_convert_from_time_t
                0x00000000001916dc                png_create_write_struct
                0x0000000000191768                png_create_write_struct_2
                0x00000000001917f8                png_write_rows
                0x0000000000191bc8                png_write_image
                0x0000000000191fa8                png_write_row
                0x0000000000192a50                png_set_flush
                0x0000000000192a60                png_write_flush
                0x0000000000192aa4                png_destroy_write_struct
                0x0000000000192b54                png_set_filter
                0x00000000001934f0                png_set_filter_heuristics
                0x00000000001934f4                png_set_filter_heuristics_fixed
                0x00000000001934f8                png_set_compression_level
                0x0000000000193504                png_set_compression_mem_level
                0x0000000000193510                png_set_compression_strategy
                0x0000000000193528                png_set_compression_window_bits
                0x000000000019357c                png_set_compression_method
                0x00000000001935ac                png_set_text_compression_level
                0x00000000001935b8                png_set_text_compression_mem_level
                0x00000000001935c4                png_set_text_compression_strategy
                0x00000000001935d0                png_set_text_compression_window_bits
                0x0000000000193624                png_set_text_compression_method
                0x0000000000193654                png_set_write_status_fn
                0x0000000000193660                png_set_write_user_transform_fn
                0x0000000000193678                png_write_png
                0x0000000000193ba8                png_image_write_to_stdio
                0x0000000000193df8                png_image_write_to_file
 .text          0x0000000000193f38      0x778 /opt/devkitpro/portlibs/armv6k/lib/libpng16.a(pngwtran.o)
                0x0000000000193f38                png_do_write_transformations
 .text          0x00000000001946b0     0x40cc /opt/devkitpro/portlibs/armv6k/lib/libpng16.a(pngwutil.o)
                0x0000000000195064                png_save_uint_32
                0x0000000000195084                png_save_uint_16
                0x0000000000195094                png_write_sig
                0x00000000001950f0                png_write_chunk_start
                0x000000000019519c                png_write_chunk_data
                0x00000000001951d8                png_write_chunk_end
                0x0000000000195224                png_write_chunk
                0x0000000000195350                png_free_buffer_list
                0x0000000000195388                png_write_IHDR
                0x0000000000195720                png_write_PLTE
                0x00000000001958f0                png_compress_IDAT
                0x0000000000195d2c                png_write_IEND
                0x0000000000195df4                png_write_gAMA_fixed
                0x0000000000195ef4                png_write_sRGB
                0x0000000000195ffc                png_write_iCCP
                0x0000000000196264                png_write_sPLT
                0x00000000001964b4                png_write_sBIT
                0x00000000001965bc                png_write_cHRM_fixed
                0x0000000000196710                png_write_tRNS
                0x00000000001968e8                png_write_bKGD
                0x0000000000196ae8                png_write_hIST
                0x0000000000196c24                png_write_tEXt
                0x0000000000196dd4                png_write_zTXt
                0x000000000019701c                png_write_iTXt
                0x00000000001973e4                png_write_oFFs
                0x000000000019750c                png_write_pCAL
                0x000000000019781c                png_write_sCAL_s
                0x00000000001978c0                png_write_pHYs
                0x0000000000197a0c                png_write_tIME
                0x0000000000197aa8                png_write_start_row
                0x0000000000197bfc                png_write_finish_row
                0x0000000000197d3c                png_do_write_interlace
                0x0000000000197fac                png_write_find_filter
 .text          0x000000000019877c       0xd8 /opt/devkitpro/portlibs/armv6k/lib/libpng16.a(pngwio.o)
                0x000000000019877c                png_default_write_data
                0x00000000001987b8                png_default_flush
                0x00000000001987c8                png_write_data
                0x00000000001987e8                png_flush
                0x00000000001987f8                png_set_write_fn
 .text          0x0000000000198854      0x5c0 /opt/devkitpro/portlibs/armv6k/lib/libz.a(adler32.o)
                0x0000000000198854                adler32
                0x0000000000198c9c                adler32_combine
                0x0000000000198d58                adler32_combine64
 .text          0x0000000000198e14      0x5d8 /opt/devkitpro/portlibs/armv6k/lib/libz.a(crc32.o)
                0x0000000000199028                get_crc_table
                0x0000000000199034                crc32
                0x00000000001993e4                crc32_combine
                0x00000000001993e8                crc32_combine64
 .text          0x00000000001993ec     0x40e0 /opt/devkitpro/portlibs/armv6k/lib/libz.a(deflate.o)
                0x000000000019aa68                deflateSetDictionary
                0x000000000019ac80                deflateResetKeep
                0x000000000019ad58                deflateReset
                0x000000000019aec0                deflateSetHeader
                0x000000000019aef4                deflatePending
                0x000000000019af40                deflatePrime
                0x000000000019afe8                deflateTune
                0x000000000019b020                deflateBound
                0x000000000019b134                deflate
                0x000000000019c984                deflateParams
                0x000000000019caa0                deflateEnd
                0x000000000019cbc0                deflateInit2_
                0x000000000019cf88                deflateInit_
                0x000000000019d2c8                deflateCopy
 .text          0x000000000019d4cc     0x2c58 /opt/devkitpro/portlibs/armv6k/lib/libz.a(inflate.o)
                0x000000000019d4cc                inflateResetKeep
                0x000000000019d55c                inflateReset
                0x000000000019d5f8                inflateReset2
                0x000000000019d718                inflateInit2_
                0x000000000019d8a0                inflateInit_
                0x000000000019da04                inflatePrime
                0x000000000019da7c                inflate
                0x000000000019f918                inflateEnd
                0x000000000019f97c                inflateGetDictionary
                0x000000000019fa14                inflateSetDictionary
                0x000000000019fbbc                inflateGetHeader
                0x000000000019fbf8                inflateSync
                0x000000000019feb0                inflateSyncPoint
                0x000000000019fef0                inflateCopy
                0x00000000001a009c                inflateUndermine
                0x00000000001a00cc                inflateMark
 .text          0x00000000001a0124      0xbf4 /opt/devkitpro/portlibs/armv6k/lib/libz.a(inftrees.o)
                0x00000000001a0124                inflate_table
 .text          0x00000000001a0d18     0x257c /opt/devkitpro/portlibs/armv6k/lib/libz.a(trees.o)
                0x00000000001a2248                _tr_init
                0x00000000001a2314                _tr_stored_block
                0x00000000001a24a8                _tr_flush_bits
                0x00000000001a2544                _tr_align
                0x00000000001a26c8                _tr_flush_block
                0x00000000001a31dc                _tr_tally
 .text          0x00000000001a3294       0x38 /opt/devkitpro/portlibs/armv6k/lib/libz.a(zutil.o)
                0x00000000001a3294                zlibVersion
                0x00000000001a32a0                zlibCompileFlags
                0x00000000001a32a8                zError
                0x00000000001a32bc                zcalloc
                0x00000000001a32c4                zcfree
 .text          0x00000000001a32cc      0xbe4 /opt/devkitpro/portlibs/armv6k/lib/libz.a(inffast.o)
                0x00000000001a32cc                inflate_fast
 .text          0x00000000001a3eb0      0x20c /opt/devkitpro/devkitARM/lib/gcc/arm-none-eabi/5.3.0/armv6k/fpu/libgcc.a(_udivsi3.o)
                0x00000000001a3eb0                __udivsi3
                0x00000000001a3eb0                __aeabi_uidiv
                0x00000000001a409c                __aeabi_uidivmod
 .text          0x00000000001a40bc      0x240 /opt/devkitpro/devkitARM/lib/gcc/arm-none-eabi/5.3.0/armv6k/fpu/libgcc.a(_divsi3.o)
                0x00000000001a40bc                __aeabi_idiv
                0x00000000001a40bc                __divsi3
                0x00000000001a42dc                __aeabi_idivmod
 .text          0x00000000001a42fc        0x4 /opt/devkitpro/devkitARM/lib/gcc/arm-none-eabi/5.3.0/armv6k/fpu/libgcc.a(_dvmd_tls.o)
                0x00000000001a42fc                __aeabi_ldiv0
                0x00000000001a42fc                __aeabi_idiv0
 .text          0x00000000001a4300      0x250 /opt/devkitpro/devkitARM/lib/gcc/arm-none-eabi/5.3.0/armv6k/fpu/libgcc.a(_arm_addsubsf3.o)
                0x00000000001a4300                __aeabi_frsub
                0x00000000001a4308                __subsf3
                0x00000000001a4308                __aeabi_fsub
                0x00000000001a430c                __aeabi_fadd
                0x00000000001a430c                __addsf3
                0x00000000001a449c                __aeabi_ui2f
                0x00000000001a449c                __floatunsisf
                0x00000000001a44a4                __aeabi_i2f
                0x00000000001a44a4                __floatsisf
                0x00000000001a44c4                __floatundisf
                0x00000000001a44c4                __aeabi_ul2f
                0x00000000001a44d4                __floatdisf
                0x00000000001a44d4                __aeabi_l2f
 .text          0x00000000001a4550       0x3c /opt/devkitpro/devkitARM/lib/gcc/arm-none-eabi/5.3.0/armv6k/fpu/libgcc.a(_aeabi_uldivmod.o)
                0x00000000001a4550                __aeabi_uldivmod
 .text          0x00000000001a458c      0x128 /opt/devkitpro/devkitARM/lib/gcc/arm-none-eabi/5.3.0/armv6k/fpu/libgcc.a(_udivmoddi4.o)
                0x00000000001a458c                __udivmoddi4
 .text          0x00000000001a46b4       0x2c /opt/devkitpro/devkitARM/lib/gcc/arm-none-eabi/5.3.0/../../../../arm-none-eabi/lib/armv6k/fpu/libg.a(lib_a-setjmp.o)
                0x00000000001a46b4                setjmp
                0x00000000001a46c8                longjmp
 .text          0x00000000001a46e0      0x3a0 /opt/devkitpro/devkitARM/lib/gcc/arm-none-eabi/5.3.0/../../../../arm-none-eabi/lib/armv6k/fpu/libg.a(lib_a-strcmp.o)
                0x00000000001a46e8                strcmp
 .text          0x00000000001a4a80      0x1c4 /opt/devkitpro/devkitARM/lib/gcc/arm-none-eabi/5.3.0/../../../../arm-none-eabi/lib/armv6k/fpu/libsysbase.a(iosupport.o)
                0x00000000001a4a88                setDefaultDevice
                0x00000000001a4aa0                FindDevice
                0x00000000001a4b5c                RemoveDevice
                0x00000000001a4b88                AddDevice
                0x00000000001a4c20                GetDeviceOpTab
 .text          0x00000000001a4c44       0x7c /opt/devkitpro/devkitARM/lib/gcc/arm-none-eabi/5.3.0/../../../../arm-none-eabi/lib/armv6k/fpu/libsysbase.a(close.o)
                0x00000000001a4c44                _close_r
 .text          0x00000000001a4cc0       0x6c /opt/devkitpro/devkitARM/lib/gcc/arm-none-eabi/5.3.0/../../../../arm-none-eabi/lib/armv6k/fpu/libsysbase.a(fstat.o)
                0x00000000001a4cc0                _fstat_r
 .text          0x00000000001a4d2c       0x10 /opt/devkitpro/devkitARM/lib/gcc/arm-none-eabi/5.3.0/../../../../arm-none-eabi/lib/armv6k/fpu/libsysbase.a(getpid.o)
                0x00000000001a4d2c                _getpid_r
 .text          0x00000000001a4d3c        0x8 /opt/devkitpro/devkitARM/lib/gcc/arm-none-eabi/5.3.0/../../../../arm-none-eabi/lib/armv6k/fpu/libsysbase.a(isatty.o)
                0x00000000001a4d3c                _isatty_r
 .text          0x00000000001a4d44       0x10 /opt/devkitpro/devkitARM/lib/gcc/arm-none-eabi/5.3.0/../../../../arm-none-eabi/lib/armv6k/fpu/libsysbase.a(kill.o)
                0x00000000001a4d44                _kill_r
 .text          0x00000000001a4d54       0x78 /opt/devkitpro/devkitARM/lib/gcc/arm-none-eabi/5.3.0/../../../../arm-none-eabi/lib/armv6k/fpu/libsysbase.a(lseek.o)
                0x00000000001a4d54                _lseek_r
 .text          0x00000000001a4dcc       0xc8 /opt/devkitpro/devkitARM/lib/gcc/arm-none-eabi/5.3.0/../../../../arm-none-eabi/lib/armv6k/fpu/libsysbase.a(open.o)
                0x00000000001a4dcc                _open_r
 .text          0x00000000001a4e94       0x78 /opt/devkitpro/devkitARM/lib/gcc/arm-none-eabi/5.3.0/../../../../arm-none-eabi/lib/armv6k/fpu/libsysbase.a(read.o)
                0x00000000001a4e94                _read_r
 .text          0x00000000001a4f0c       0x70 /opt/devkitpro/devkitARM/lib/gcc/arm-none-eabi/5.3.0/../../../../arm-none-eabi/lib/armv6k/fpu/libsysbase.a(sbrk.o)
                0x00000000001a4f0c                _sbrk_r
 .text          0x00000000001a4f7c       0x5c /opt/devkitpro/devkitARM/lib/gcc/arm-none-eabi/5.3.0/../../../../arm-none-eabi/lib/armv6k/fpu/libsysbase.a(unlink.o)
                0x00000000001a4f7c                _unlink_r
 .text          0x00000000001a4fd8       0x78 /opt/devkitpro/devkitARM/lib/gcc/arm-none-eabi/5.3.0/../../../../arm-none-eabi/lib/armv6k/fpu/libsysbase.a(write.o)
                0x00000000001a4fd8                _write_r
 .text          0x00000000001a5050       0x20 /opt/devkitpro/devkitARM/lib/gcc/arm-none-eabi/5.3.0/../../../../arm-none-eabi/lib/armv6k/fpu/libsysbase.a(_exit.o)
                0x00000000001a5050                _exit
 .text          0x00000000001a5070      0x3b0 /opt/devkitpro/devkitARM/lib/gcc/arm-none-eabi/5.3.0/../../../../arm-none-eabi/lib/armv6k/fpu/libsysbase.a(chdir.o)
                0x00000000001a5070                _concatenate_path
                0x00000000001a522c                chdir
                0x00000000001a5380                getcwd
 .text          0x00000000001a5420       0x10 /opt/devkitpro/devkitARM/lib/gcc/arm-none-eabi/5.3.0/../../../../arm-none-eabi/lib/armv6k/fpu/libsysbase.a(flock.o)
                0x00000000001a5420                __flockfile
                0x00000000001a5428                __funlockfile
 .text          0x00000000001a5430      0x108 /opt/devkitpro/devkitARM/lib/gcc/arm-none-eabi/5.3.0/../../../../arm-none-eabi/lib/armv6k/fpu/libsysbase.a(syscall_support.o)
                0x00000000001a5430                __libc_lock_init
                0x00000000001a5448                __libc_lock_acquire
                0x00000000001a5460                __libc_lock_try_acquire
                0x00000000001a5484                __libc_lock_release
                0x00000000001a549c                __libc_lock_close
                0x00000000001a54b4                __libc_lock_init_recursive
                0x00000000001a54cc                __libc_lock_acquire_recursive
                0x00000000001a54e4                __libc_lock_try_acquire_recursive
                0x00000000001a5508                __libc_lock_release_recursive
                0x00000000001a5520                __libc_lock_close_recursive
 .text          0x00000000001a5538      0x2c4 /opt/devkitpro/devkitARM/lib/gcc/arm-none-eabi/5.3.0/../../../../arm-none-eabi/lib/armv6k/fpu/libsysbase.a(handle_manager.o)
                0x00000000001a5538                __free_handle
                0x00000000001a557c                __release_handle
                0x00000000001a55b8                __alloc_handle
                0x00000000001a5630                __get_handle
                0x00000000001a564c                dup
                0x00000000001a56f0                dup2
 .text          0x00000000001a57fc       0x28 /opt/devkitpro/devkitARM/lib/gcc/arm-none-eabi/5.3.0/../../../../arm-none-eabi/lib/armv6k/fpu/libsysbase.a(getreent.o)
                0x00000000001a57fc                __getreent
 *(.text.*)
 .text._ZL21addrMapNodeComparatorPK11rbtree_nodeS1_
                0x00000000001a5824       0x24 /home/omikey/Desktop/sample/../libctru/lib/libctru.a(vram.o)
 .text._ZL21addrMapNodeDestructorP11rbtree_node
                0x00000000001a5848        0x4 /home/omikey/Desktop/sample/../libctru/lib/libctru.a(vram.o)
 .text.vramMemAlign
                0x00000000001a584c      0x130 /home/omikey/Desktop/sample/../libctru/lib/libctru.a(vram.o)
                0x00000000001a584c                vramMemAlign
 .text.vramAlloc
                0x00000000001a597c        0x8 /home/omikey/Desktop/sample/../libctru/lib/libctru.a(vram.o)
                0x00000000001a597c                vramAlloc
 .text.vramFree
                0x00000000001a5984       0x50 /home/omikey/Desktop/sample/../libctru/lib/libctru.a(vram.o)
                0x00000000001a5984                vramFree
 .text.vramSpaceFree
                0x00000000001a59d4        0xc /home/omikey/Desktop/sample/../libctru/lib/libctru.a(vram.o)
                0x00000000001a59d4                vramSpaceFree
 .text._ZL21addrMapNodeComparatorPK11rbtree_nodeS1_
                0x00000000001a59e0       0x24 /home/omikey/Desktop/sample/../libctru/lib/libctru.a(linear.o)
 .text._ZL21addrMapNodeDestructorP11rbtree_node
                0x00000000001a5a04        0x4 /home/omikey/Desktop/sample/../libctru/lib/libctru.a(linear.o)
 .text.linearMemAlign
                0x00000000001a5a08      0x140 /home/omikey/Desktop/sample/../libctru/lib/libctru.a(linear.o)
                0x00000000001a5a08                linearMemAlign
 .text.linearAlloc
                0x00000000001a5b48        0x8 /home/omikey/Desktop/sample/../libctru/lib/libctru.a(linear.o)
                0x00000000001a5b48                linearAlloc
 .text.linearFree
                0x00000000001a5b50       0x50 /home/omikey/Desktop/sample/../libctru/lib/libctru.a(linear.o)
                0x00000000001a5b50                linearFree
 .text.linearSpaceFree
                0x00000000001a5ba0        0xc /home/omikey/Desktop/sample/../libctru/lib/libctru.a(linear.o)
                0x00000000001a5ba0                linearSpaceFree
 .text._ZN7MemPool13CoalesceRightEP8MemBlock
                0x00000000001a5bac       0xa0 /home/omikey/Desktop/sample/../libctru/lib/libctru.a(mem_pool.o)
                0x00000000001a5bac                MemPool::CoalesceRight(MemBlock*)
 .text._ZN7MemPool8AllocateER8MemChunkmi
                0x00000000001a5c4c      0x18c /home/omikey/Desktop/sample/../libctru/lib/libctru.a(mem_pool.o)
                0x00000000001a5c4c                MemPool::Allocate(MemChunk&, unsigned long, int)
 .text._ZN7MemPool10DeallocateERK8MemChunk
                0x00000000001a5dd8      0x104 /home/omikey/Desktop/sample/../libctru/lib/libctru.a(mem_pool.o)
                0x00000000001a5dd8                MemPool::Deallocate(MemChunk const&)
 .text._ZN7MemPool12GetFreeSpaceEv
                0x00000000001a5edc       0x30 /home/omikey/Desktop/sample/../libctru/lib/libctru.a(mem_pool.o)
                0x00000000001a5edc                MemPool::GetFreeSpace()
 .text.getSysTime
                0x00000000001a5f0c       0x58 /home/omikey/Desktop/sample/../libctru/lib/libctru.a(os.o)
 .text.osConvertVirtToPhys
                0x00000000001a5f64       0x4c /home/omikey/Desktop/sample/../libctru/lib/libctru.a(os.o)
                0x00000000001a5f64                osConvertVirtToPhys
 .text.osGetMemRegionUsed
                0x00000000001a5fb0       0x24 /home/omikey/Desktop/sample/../libctru/lib/libctru.a(os.o)
                0x00000000001a5fb0                osGetMemRegionUsed
 *fill*         0x00000000001a5fd4        0x4 
 .text.__libctru_gtod
                0x00000000001a5fd8       0xf8 /home/omikey/Desktop/sample/../libctru/lib/libctru.a(os.o)
                0x00000000001a5fd8                __libctru_gtod
 .text.osGetTime
                0x00000000001a60d0       0x78 /home/omikey/Desktop/sample/../libctru/lib/libctru.a(os.o)
                0x00000000001a60d0                osGetTime
 .text.__ctru_speedup_config
                0x00000000001a6148       0x34 /home/omikey/Desktop/sample/../libctru/lib/libctru.a(os.o)
                0x00000000001a6148                __ctru_speedup_config
 .text.gfxSetFramebufferInfo.part.0
                0x00000000001a617c       0x8c /home/omikey/Desktop/sample/../libctru/lib/libctru.a(gfx.o)
 .text.gfxSet3D
                0x00000000001a6208       0x10 /home/omikey/Desktop/sample/../libctru/lib/libctru.a(gfx.o)
                0x00000000001a6208                gfxSet3D
 .text.gfxSetFramebufferInfo
                0x00000000001a6218       0x70 /home/omikey/Desktop/sample/../libctru/lib/libctru.a(gfx.o)
                0x00000000001a6218                gfxSetFramebufferInfo
 .text.gfxWriteFramebufferInfo
                0x00000000001a6288       0x88 /home/omikey/Desktop/sample/../libctru/lib/libctru.a(gfx.o)
                0x00000000001a6288                gfxWriteFramebufferInfo
 .text.gfxInit  0x00000000001a6310      0x1d0 /home/omikey/Desktop/sample/../libctru/lib/libctru.a(gfx.o)
                0x00000000001a6310                gfxInit
 .text.gfxInitDefault
                0x00000000001a64e0       0x10 /home/omikey/Desktop/sample/../libctru/lib/libctru.a(gfx.o)
                0x00000000001a64e0                gfxInitDefault
 .text.gfxExit  0x00000000001a64f0       0xe0 /home/omikey/Desktop/sample/../libctru/lib/libctru.a(gfx.o)
                0x00000000001a64f0                gfxExit
 .text.gfxGetFramebuffer
                0x00000000001a65d0       0xb0 /home/omikey/Desktop/sample/../libctru/lib/libctru.a(gfx.o)
                0x00000000001a65d0                gfxGetFramebuffer
 .text.gfxConfigScreen
                0x00000000001a6680       0x70 /home/omikey/Desktop/sample/../libctru/lib/libctru.a(gfx.o)
                0x00000000001a6680                gfxConfigScreen
 .text.gfxSwapBuffersGpu
                0x00000000001a66f0       0x20 /home/omikey/Desktop/sample/../libctru/lib/libctru.a(gfx.o)
                0x00000000001a66f0                gfxSwapBuffersGpu
 .text.GPU_Init
                0x00000000001a6710       0x2c /home/omikey/Desktop/sample/../libctru/lib/libctru.a(gpu-old.o)
                0x00000000001a6710                GPU_Init
 .text.GPU_Reset
                0x00000000001a673c       0x10 /home/omikey/Desktop/sample/../libctru/lib/libctru.a(gpu-old.o)
                0x00000000001a673c                GPU_Reset
 .text.GPU_SetFloatUniform
                0x00000000001a674c       0x70 /home/omikey/Desktop/sample/../libctru/lib/libctru.a(gpu-old.o)
                0x00000000001a674c                GPU_SetFloatUniform
 .text.GPU_SetViewport
                0x00000000001a67bc      0x1f4 /home/omikey/Desktop/sample/../libctru/lib/libctru.a(gpu-old.o)
                0x00000000001a67bc                GPU_SetViewport
 .text.GPU_SetScissorTest
                0x00000000001a69b0       0x4c /home/omikey/Desktop/sample/../libctru/lib/libctru.a(gpu-old.o)
                0x00000000001a69b0                GPU_SetScissorTest
 .text.GPU_DepthMap
                0x00000000001a69fc       0x7c /home/omikey/Desktop/sample/../libctru/lib/libctru.a(gpu-old.o)
                0x00000000001a69fc                GPU_DepthMap
 .text.GPU_SetAlphaTest
                0x00000000001a6a78       0x38 /home/omikey/Desktop/sample/../libctru/lib/libctru.a(gpu-old.o)
                0x00000000001a6a78                GPU_SetAlphaTest
 .text.GPU_SetStencilTest
                0x00000000001a6ab0       0x48 /home/omikey/Desktop/sample/../libctru/lib/libctru.a(gpu-old.o)
                0x00000000001a6ab0                GPU_SetStencilTest
 .text.GPU_SetStencilOp
                0x00000000001a6af8       0x34 /home/omikey/Desktop/sample/../libctru/lib/libctru.a(gpu-old.o)
                0x00000000001a6af8                GPU_SetStencilOp
 .text.GPU_SetDepthTestAndWriteMask
                0x00000000001a6b2c       0x38 /home/omikey/Desktop/sample/../libctru/lib/libctru.a(gpu-old.o)
                0x00000000001a6b2c                GPU_SetDepthTestAndWriteMask
 .text.GPU_SetAlphaBlending
                0x00000000001a6b64       0x68 /home/omikey/Desktop/sample/../libctru/lib/libctru.a(gpu-old.o)
                0x00000000001a6b64                GPU_SetAlphaBlending
 .text.GPU_SetBlendingColor
                0x00000000001a6bcc       0x3c /home/omikey/Desktop/sample/../libctru/lib/libctru.a(gpu-old.o)
                0x00000000001a6bcc                GPU_SetBlendingColor
 .text.GPU_SetTextureEnable
                0x00000000001a6c08       0x4c /home/omikey/Desktop/sample/../libctru/lib/libctru.a(gpu-old.o)
                0x00000000001a6c08                GPU_SetTextureEnable
 .text.GPU_SetTexture
                0x00000000001a6c54      0x198 /home/omikey/Desktop/sample/../libctru/lib/libctru.a(gpu-old.o)
                0x00000000001a6c54                GPU_SetTexture
 .text.GPU_SetAttributeBuffers
                0x00000000001a6dec      0x200 /home/omikey/Desktop/sample/../libctru/lib/libctru.a(gpu-old.o)
                0x00000000001a6dec                GPU_SetAttributeBuffers
 .text.GPU_SetFaceCulling
                0x00000000001a6fec       0x2c /home/omikey/Desktop/sample/../libctru/lib/libctru.a(gpu-old.o)
                0x00000000001a6fec                GPU_SetFaceCulling
 .text.GPU_SetTexEnv
                0x00000000001a7018       0x78 /home/omikey/Desktop/sample/../libctru/lib/libctru.a(gpu-old.o)
                0x00000000001a7018                GPU_SetTexEnv
 .text.GPU_DrawArray
                0x00000000001a7090      0x130 /home/omikey/Desktop/sample/../libctru/lib/libctru.a(gpu-old.o)
                0x00000000001a7090                GPU_DrawArray
 .text.GPU_FinishDrawing
                0x00000000001a71c0       0x5c /home/omikey/Desktop/sample/../libctru/lib/libctru.a(gpu-old.o)
                0x00000000001a71c0                GPU_FinishDrawing
 .text.GPU_SetShaderOutmap
                0x00000000001a721c       0x48 /home/omikey/Desktop/sample/../libctru/lib/libctru.a(shaderProgram.o)
 .text.GPU_SendShaderCode.constprop.0
                0x00000000001a7264       0xb8 /home/omikey/Desktop/sample/../libctru/lib/libctru.a(shaderProgram.o)
 .text.GPU_SendOperandDescriptors.constprop.1
                0x00000000001a731c       0x70 /home/omikey/Desktop/sample/../libctru/lib/libctru.a(shaderProgram.o)
 .text.shaderInstanceInit
                0x00000000001a738c      0x23c /home/omikey/Desktop/sample/../libctru/lib/libctru.a(shaderProgram.o)
                0x00000000001a738c                shaderInstanceInit
 .text.shaderInstanceFree
                0x00000000001a75c8       0x38 /home/omikey/Desktop/sample/../libctru/lib/libctru.a(shaderProgram.o)
                0x00000000001a75c8                shaderInstanceFree
 .text.shaderInstanceGetUniformLocation
                0x00000000001a7600       0x18 /home/omikey/Desktop/sample/../libctru/lib/libctru.a(shaderProgram.o)
                0x00000000001a7600                shaderInstanceGetUniformLocation
 .text.shaderProgramInit
                0x00000000001a7618       0x18 /home/omikey/Desktop/sample/../libctru/lib/libctru.a(shaderProgram.o)
                0x00000000001a7618                shaderProgramInit
 .text.shaderProgramFree
                0x00000000001a7630       0x30 /home/omikey/Desktop/sample/../libctru/lib/libctru.a(shaderProgram.o)
                0x00000000001a7630                shaderProgramFree
 .text.shaderProgramSetVsh
                0x00000000001a7660       0x6c /home/omikey/Desktop/sample/../libctru/lib/libctru.a(shaderProgram.o)
                0x00000000001a7660                shaderProgramSetVsh
 .text.shaderProgramConfigure
                0x00000000001a76cc      0x340 /home/omikey/Desktop/sample/../libctru/lib/libctru.a(shaderProgram.o)
                0x00000000001a76cc                shaderProgramConfigure
 .text.shaderProgramUse
                0x00000000001a7a0c      0x12c /home/omikey/Desktop/sample/../libctru/lib/libctru.a(shaderProgram.o)
                0x00000000001a7a0c                shaderProgramUse
 .text.DVLB_Free
                0x00000000001a7b38       0x3c /home/omikey/Desktop/sample/../libctru/lib/libctru.a(shbin.o)
                0x00000000001a7b38                DVLB_Free
 .text.DVLE_GetUniformRegister
                0x00000000001a7b74       0x80 /home/omikey/Desktop/sample/../libctru/lib/libctru.a(shbin.o)
                0x00000000001a7b74                DVLE_GetUniformRegister
 .text.DVLE_GenerateOutmap
                0x00000000001a7bf4      0x198 /home/omikey/Desktop/sample/../libctru/lib/libctru.a(shbin.o)
                0x00000000001a7bf4                DVLE_GenerateOutmap
 .text.DVLB_ParseFile
                0x00000000001a7d8c      0x198 /home/omikey/Desktop/sample/../libctru/lib/libctru.a(shbin.o)
                0x00000000001a7d8c                DVLB_ParseFile
 .text.GX_ProcessCommandList
                0x00000000001a7f24       0x54 /home/omikey/Desktop/sample/../libctru/lib/libctru.a(gx.o)
                0x00000000001a7f24                GX_ProcessCommandList
 .text.GX_MemoryFill
                0x00000000001a7f78       0x60 /home/omikey/Desktop/sample/../libctru/lib/libctru.a(gx.o)
                0x00000000001a7f78                GX_MemoryFill
 .text.GX_DisplayTransfer
                0x00000000001a7fd8       0x50 /home/omikey/Desktop/sample/../libctru/lib/libctru.a(gx.o)
                0x00000000001a7fd8                GX_DisplayTransfer
 .text.GX_FlushCacheRegions
                0x00000000001a8028       0x54 /home/omikey/Desktop/sample/../libctru/lib/libctru.a(gx.o)
                0x00000000001a8028                GX_FlushCacheRegions
 .text.GPUCMD_SetBuffer
                0x00000000001a807c       0x2c /home/omikey/Desktop/sample/../libctru/lib/libctru.a(gpu.o)
                0x00000000001a807c                GPUCMD_SetBuffer
 .text.GPUCMD_SetBufferOffset
                0x00000000001a80a8       0x10 /home/omikey/Desktop/sample/../libctru/lib/libctru.a(gpu.o)
                0x00000000001a80a8                GPUCMD_SetBufferOffset
 .text.GPUCMD_FlushAndRun
                0x00000000001a80b8       0x68 /home/omikey/Desktop/sample/../libctru/lib/libctru.a(gpu.o)
                0x00000000001a80b8                GPUCMD_FlushAndRun
 .text.GPUCMD_Add
                0x00000000001a8120       0xe4 /home/omikey/Desktop/sample/../libctru/lib/libctru.a(gpu.o)
                0x00000000001a8120                GPUCMD_Add
 .text.GPUCMD_Finalize
                0x00000000001a8204       0x98 /home/omikey/Desktop/sample/../libctru/lib/libctru.a(gpu.o)
                0x00000000001a8204                GPUCMD_Finalize
 .text.f32tof24
                0x00000000001a829c       0x40 /home/omikey/Desktop/sample/../libctru/lib/libctru.a(gpu.o)
                0x00000000001a829c                f32tof24
 .text.f32tof31
                0x00000000001a82dc       0x40 /home/omikey/Desktop/sample/../libctru/lib/libctru.a(gpu.o)
                0x00000000001a82dc                f32tof31
 .text.gspEventThreadMain
                0x00000000001a831c      0x124 /home/omikey/Desktop/sample/../libctru/lib/libctru.a(gspgpu.o)
 .text.gspInit  0x00000000001a8440       0x74 /home/omikey/Desktop/sample/../libctru/lib/libctru.a(gspgpu.o)
                0x00000000001a8440                gspInit
 .text.gspExit  0x00000000001a84b4       0x3c /home/omikey/Desktop/sample/../libctru/lib/libctru.a(gspgpu.o)
                0x00000000001a84b4                gspExit
 .text.gspInitEventHandler
                0x00000000001a84f0       0xd0 /home/omikey/Desktop/sample/../libctru/lib/libctru.a(gspgpu.o)
                0x00000000001a84f0                gspInitEventHandler
 .text.gspExitEventHandler
                0x00000000001a85c0       0x5c /home/omikey/Desktop/sample/../libctru/lib/libctru.a(gspgpu.o)
                0x00000000001a85c0                gspExitEventHandler
 .text.gspWaitForEvent
                0x00000000001a861c       0x58 /home/omikey/Desktop/sample/../libctru/lib/libctru.a(gspgpu.o)
                0x00000000001a861c                gspWaitForEvent
 .text.gspSubmitGxCommand
                0x00000000001a8674      0x128 /home/omikey/Desktop/sample/../libctru/lib/libctru.a(gspgpu.o)
                0x00000000001a8674                gspSubmitGxCommand
 .text.GSPGPU_SetBufferSwap
                0x00000000001a879c       0x6c /home/omikey/Desktop/sample/../libctru/lib/libctru.a(gspgpu.o)
                0x00000000001a879c                GSPGPU_SetBufferSwap
 .text.GSPGPU_FlushDataCache
                0x00000000001a8808       0x4c /home/omikey/Desktop/sample/../libctru/lib/libctru.a(gspgpu.o)
                0x00000000001a8808                GSPGPU_FlushDataCache
 .text.GSPGPU_SetLcdForceBlack
                0x00000000001a8854       0x34 /home/omikey/Desktop/sample/../libctru/lib/libctru.a(gspgpu.o)
                0x00000000001a8854                GSPGPU_SetLcdForceBlack
 .text.GSPGPU_RegisterInterruptRelayQueue
                0x00000000001a8888       0x64 /home/omikey/Desktop/sample/../libctru/lib/libctru.a(gspgpu.o)
                0x00000000001a8888                GSPGPU_RegisterInterruptRelayQueue
 .text.GSPGPU_UnregisterInterruptRelayQueue
                0x00000000001a88ec       0x2c /home/omikey/Desktop/sample/../libctru/lib/libctru.a(gspgpu.o)
                0x00000000001a88ec                GSPGPU_UnregisterInterruptRelayQueue
 .text.GSPGPU_AcquireRight
                0x00000000001a8918       0x48 /home/omikey/Desktop/sample/../libctru/lib/libctru.a(gspgpu.o)
                0x00000000001a8918                GSPGPU_AcquireRight
 .text.GSPGPU_ReleaseRight
                0x00000000001a8960       0x2c /home/omikey/Desktop/sample/../libctru/lib/libctru.a(gspgpu.o)
                0x00000000001a8960                GSPGPU_ReleaseRight
 .text.GSPGPU_ImportDisplayCaptureInfo
                0x00000000001a898c       0x80 /home/omikey/Desktop/sample/../libctru/lib/libctru.a(gspgpu.o)
                0x00000000001a898c                GSPGPU_ImportDisplayCaptureInfo
 .text.GSPGPU_SaveVramSysArea
                0x00000000001a8a0c       0x2c /home/omikey/Desktop/sample/../libctru/lib/libctru.a(gspgpu.o)
                0x00000000001a8a0c                GSPGPU_SaveVramSysArea
 .text.GSPGPU_RestoreVramSysArea
                0x00000000001a8a38       0x2c /home/omikey/Desktop/sample/../libctru/lib/libctru.a(gspgpu.o)
                0x00000000001a8a38                GSPGPU_RestoreVramSysArea
 .text.hidExit  0x00000000001a8a64       0xd8 /home/omikey/Desktop/sample/../libctru/lib/libctru.a(hid.o)
                0x00000000001a8a64                hidExit
 .text.hidScanInput
                0x00000000001a8b3c      0x238 /home/omikey/Desktop/sample/../libctru/lib/libctru.a(hid.o)
                0x00000000001a8b3c                hidScanInput
 .text.hidKeysHeld
                0x00000000001a8d74       0x10 /home/omikey/Desktop/sample/../libctru/lib/libctru.a(hid.o)
                0x00000000001a8d74                hidKeysHeld
 .text.hidKeysDown
                0x00000000001a8d84       0x10 /home/omikey/Desktop/sample/../libctru/lib/libctru.a(hid.o)
                0x00000000001a8d84                hidKeysDown
 .text.hidTouchRead
                0x00000000001a8d94       0x18 /home/omikey/Desktop/sample/../libctru/lib/libctru.a(hid.o)
                0x00000000001a8d94                hidTouchRead
 .text.HIDUSER_GetHandles
                0x00000000001a8dac       0x90 /home/omikey/Desktop/sample/../libctru/lib/libctru.a(hid.o)
                0x00000000001a8dac                HIDUSER_GetHandles
 .text.hidInit  0x00000000001a8e3c      0x184 /home/omikey/Desktop/sample/../libctru/lib/libctru.a(hid.o)
                0x00000000001a8e3c                hidInit
 .text.fsInit   0x00000000001a8fc0       0xc8 /home/omikey/Desktop/sample/../libctru/lib/libctru.a(fs.o)
                0x00000000001a8fc0                fsInit
 .text.fsExit   0x00000000001a9088       0x34 /home/omikey/Desktop/sample/../libctru/lib/libctru.a(fs.o)
                0x00000000001a9088                fsExit
 .text.FSUSER_OpenFile
                0x00000000001a90bc       0xdc /home/omikey/Desktop/sample/../libctru/lib/libctru.a(fs.o)
                0x00000000001a90bc                FSUSER_OpenFile
 .text.FSUSER_DeleteFile
                0x00000000001a9198       0xb8 /home/omikey/Desktop/sample/../libctru/lib/libctru.a(fs.o)
                0x00000000001a9198                FSUSER_DeleteFile
 .text.FSUSER_RenameFile
                0x00000000001a9250       0xf4 /home/omikey/Desktop/sample/../libctru/lib/libctru.a(fs.o)
                0x00000000001a9250                FSUSER_RenameFile
 .text.FSUSER_DeleteDirectory
                0x00000000001a9344       0xb8 /home/omikey/Desktop/sample/../libctru/lib/libctru.a(fs.o)
                0x00000000001a9344                FSUSER_DeleteDirectory
 .text.FSUSER_CreateFile
                0x00000000001a93fc       0xd0 /home/omikey/Desktop/sample/../libctru/lib/libctru.a(fs.o)
                0x00000000001a93fc                FSUSER_CreateFile
 .text.FSUSER_CreateDirectory
                0x00000000001a94cc       0xc0 /home/omikey/Desktop/sample/../libctru/lib/libctru.a(fs.o)
                0x00000000001a94cc                FSUSER_CreateDirectory
 .text.FSUSER_RenameDirectory
                0x00000000001a958c       0xf4 /home/omikey/Desktop/sample/../libctru/lib/libctru.a(fs.o)
                0x00000000001a958c                FSUSER_RenameDirectory
 .text.FSUSER_OpenDirectory
                0x00000000001a9680       0xc4 /home/omikey/Desktop/sample/../libctru/lib/libctru.a(fs.o)
                0x00000000001a9680                FSUSER_OpenDirectory
 .text.FSUSER_OpenArchive
                0x00000000001a9744       0xbc /home/omikey/Desktop/sample/../libctru/lib/libctru.a(fs.o)
                0x00000000001a9744                FSUSER_OpenArchive
 .text.FSUSER_CloseArchive
                0x00000000001a9800       0x88 /home/omikey/Desktop/sample/../libctru/lib/libctru.a(fs.o)
                0x00000000001a9800                FSUSER_CloseArchive
 .text.FSUSER_GetSdmcArchiveResource
                0x00000000001a9888       0x8c /home/omikey/Desktop/sample/../libctru/lib/libctru.a(fs.o)
                0x00000000001a9888                FSUSER_GetSdmcArchiveResource
 .text.FSUSER_IsSdmcWritable
                0x00000000001a9914       0x64 /home/omikey/Desktop/sample/../libctru/lib/libctru.a(fs.o)
                0x00000000001a9914                FSUSER_IsSdmcWritable
 .text.FSFILE_Read
                0x00000000001a9978       0x5c /home/omikey/Desktop/sample/../libctru/lib/libctru.a(fs.o)
                0x00000000001a9978                FSFILE_Read
 .text.FSFILE_Write
                0x00000000001a99d4       0x64 /home/omikey/Desktop/sample/../libctru/lib/libctru.a(fs.o)
                0x00000000001a99d4                FSFILE_Write
 .text.FSFILE_GetSize
                0x00000000001a9a38       0x3c /home/omikey/Desktop/sample/../libctru/lib/libctru.a(fs.o)
                0x00000000001a9a38                FSFILE_GetSize
 .text.FSFILE_SetSize
                0x00000000001a9a74       0x2c /home/omikey/Desktop/sample/../libctru/lib/libctru.a(fs.o)
                0x00000000001a9a74                FSFILE_SetSize
 .text.FSFILE_Close
                0x00000000001a9aa0       0x3c /home/omikey/Desktop/sample/../libctru/lib/libctru.a(fs.o)
                0x00000000001a9aa0                FSFILE_Close
 .text.FSFILE_Flush
                0x00000000001a9adc       0x24 /home/omikey/Desktop/sample/../libctru/lib/libctru.a(fs.o)
                0x00000000001a9adc                FSFILE_Flush
 .text.FSDIR_Read
                0x00000000001a9b00       0x54 /home/omikey/Desktop/sample/../libctru/lib/libctru.a(fs.o)
                0x00000000001a9b00                FSDIR_Read
 .text.FSDIR_Close
                0x00000000001a9b54       0x3c /home/omikey/Desktop/sample/../libctru/lib/libctru.a(fs.o)
                0x00000000001a9b54                FSDIR_Close
 .text.__apt_initservicehandle
                0x00000000001a9b90       0x68 /home/omikey/Desktop/sample/../libctru/lib/libctru.a(apt.o)
 .text._aptDebug
                0x00000000001a9bf8        0x4 /home/omikey/Desktop/sample/../libctru/lib/libctru.a(apt.o)
                0x00000000001a9bf8                _aptDebug
 .text.aptInitCaptureInfo
                0x00000000001a9bfc       0x98 /home/omikey/Desktop/sample/../libctru/lib/libctru.a(apt.o)
                0x00000000001a9bfc                aptInitCaptureInfo
 .text.aptWaitStatusEvent
                0x00000000001a9c94       0x28 /home/omikey/Desktop/sample/../libctru/lib/libctru.a(apt.o)
                0x00000000001a9c94                aptWaitStatusEvent
 .text.aptGetMenuAppID
                0x00000000001a9cbc       0x60 /home/omikey/Desktop/sample/../libctru/lib/libctru.a(apt.o)
                0x00000000001a9cbc                aptGetMenuAppID
 .text.aptHook  0x00000000001a9d1c       0x34 /home/omikey/Desktop/sample/../libctru/lib/libctru.a(apt.o)
                0x00000000001a9d1c                aptHook
 .text.aptUnhook
                0x00000000001a9d50       0x2c /home/omikey/Desktop/sample/../libctru/lib/libctru.a(apt.o)
                0x00000000001a9d50                aptUnhook
 .text.aptSetStatus
                0x00000000001a9d7c       0x6c /home/omikey/Desktop/sample/../libctru/lib/libctru.a(apt.o)
                0x00000000001a9d7c                aptSetStatus
 .text.APT_GetLockHandle
                0x00000000001a9de8       0x48 /home/omikey/Desktop/sample/../libctru/lib/libctru.a(apt.o)
                0x00000000001a9de8                APT_GetLockHandle
 .text.APT_Initialize
                0x00000000001a9e30       0x60 /home/omikey/Desktop/sample/../libctru/lib/libctru.a(apt.o)
                0x00000000001a9e30                APT_Initialize
 .text.APT_Finalize
                0x00000000001a9e90       0x34 /home/omikey/Desktop/sample/../libctru/lib/libctru.a(apt.o)
                0x00000000001a9e90                APT_Finalize
 .text.APT_InquireNotification
                0x00000000001a9ec4       0x48 /home/omikey/Desktop/sample/../libctru/lib/libctru.a(apt.o)
                0x00000000001a9ec4                APT_InquireNotification
 .text.APT_PrepareToJumpToHomeMenu
                0x00000000001a9f0c       0x2c /home/omikey/Desktop/sample/../libctru/lib/libctru.a(apt.o)
                0x00000000001a9f0c                APT_PrepareToJumpToHomeMenu
 .text.APT_JumpToHomeMenu
                0x00000000001a9f38       0x50 /home/omikey/Desktop/sample/../libctru/lib/libctru.a(apt.o)
                0x00000000001a9f38                APT_JumpToHomeMenu
 .text.APT_PrepareToJumpToApplication
                0x00000000001a9f88       0x34 /home/omikey/Desktop/sample/../libctru/lib/libctru.a(apt.o)
                0x00000000001a9f88                APT_PrepareToJumpToApplication
 .text.APT_JumpToApplication
                0x00000000001a9fbc       0x50 /home/omikey/Desktop/sample/../libctru/lib/libctru.a(apt.o)
                0x00000000001a9fbc                APT_JumpToApplication
 .text.APT_NotifyToWait