Archive member included to satisfy reference by file (symbol)

/home/omikey/Desktop/sample/../libsf2d/lib/libsf2d.a(sf2d_texture.o)
                              main.o (sf2d_create_texture_mem_RGBA8)
/home/omikey/Desktop/sample/../libsf2d/lib/libsf2d.a(sf2d.o)
                              main.o (sf2d_init)
/home/omikey/Desktop/sample/../libsf2d/lib/libsf2d.a(sf2d_draw.o)
                              main.o (sf2d_draw_rectangle)
/home/omikey/Desktop/sample/../libsf2d/lib/libsf2d.a(sf2d_private.o)
                              /home/omikey/Desktop/sample/../libsf2d/lib/libsf2d.a(sf2d.o) (GPU_SetDummyTexEnv)
/home/omikey/Desktop/sample/../libsf2d/lib/libsf2d.a(shader.vsh.o)
                              /home/omikey/Desktop/sample/../libsf2d/lib/libsf2d.a(sf2d.o) (shader_vsh_shbin_size)
/home/omikey/Desktop/sample/../libctru/lib/libctru.a(vram.o)
                              /home/omikey/Desktop/sample/../libsf2d/lib/libsf2d.a(sf2d_texture.o) (vramMemAlign)
/home/omikey/Desktop/sample/../libctru/lib/libctru.a(linear.o)
                              /home/omikey/Desktop/sample/../libsf2d/lib/libsf2d.a(sf2d_texture.o) (linearMemAlign)
/home/omikey/Desktop/sample/../libctru/lib/libctru.a(mem_pool.o)
                              /home/omikey/Desktop/sample/../libctru/lib/libctru.a(vram.o) (MemPool::Allocate(MemChunk&, unsigned long, int))
/home/omikey/Desktop/sample/../libctru/lib/libctru.a(os.o)
                              /home/omikey/Desktop/sample/../libsf2d/lib/libsf2d.a(sf2d_texture.o) (osConvertVirtToPhys)
/home/omikey/Desktop/sample/../libctru/lib/libctru.a(gfx.o)
                              /home/omikey/Desktop/sample/../libsf2d/lib/libsf2d.a(sf2d.o) (gfxSet3D)
/home/omikey/Desktop/sample/../libctru/lib/libctru.a(gpu-old.o)
                              /home/omikey/Desktop/sample/../libsf2d/lib/libsf2d.a(sf2d.o) (GPU_Init)
/home/omikey/Desktop/sample/../libctru/lib/libctru.a(shaderProgram.o)
                              /home/omikey/Desktop/sample/../libsf2d/lib/libsf2d.a(sf2d.o) (shaderInstanceGetUniformLocation)
/home/omikey/Desktop/sample/../libctru/lib/libctru.a(shbin.o)
                              /home/omikey/Desktop/sample/../libsf2d/lib/libsf2d.a(sf2d.o) (DVLB_Free)
/home/omikey/Desktop/sample/../libctru/lib/libctru.a(gx.o)
                              /home/omikey/Desktop/sample/../libctru/lib/libctru.a(gfx.o) (gxCmdBuf)
/home/omikey/Desktop/sample/../libctru/lib/libctru.a(gpu.o)
                              /home/omikey/Desktop/sample/../libctru/lib/libctru.a(gpu-old.o) (GPUCMD_SetBuffer)
/home/omikey/Desktop/sample/../libctru/lib/libctru.a(gspgpu.o)
                              /home/omikey/Desktop/sample/../libctru/lib/libctru.a(gfx.o) (gspInit)
/home/omikey/Desktop/sample/../libctru/lib/libctru.a(hid.o)
                              main.o (hidScanInput)
/home/omikey/Desktop/sample/../libctru/lib/libctru.a(fs.o)
                              internet.o (fsInit)
/home/omikey/Desktop/sample/../libctru/lib/libctru.a(apt.o)
                              /home/omikey/Desktop/sample/../libsf2d/lib/libsf2d.a(sf2d.o) (aptHook)
/home/omikey/Desktop/sample/../libctru/lib/libctru.a(ptmsysm.o)
                              /home/omikey/Desktop/sample/../libctru/lib/libctru.a(os.o) (ptmSysmInit)
/home/omikey/Desktop/sample/../libctru/lib/libctru.a(soc_gethostbyname.o)
                              util.o (gethostbyname)
/home/omikey/Desktop/sample/../libctru/lib/libctru.a(soc_socket.o)
                              util.o (socket)
/home/omikey/Desktop/sample/../libctru/lib/libctru.a(soc_recv.o)
                              websocket.o (recv)
/home/omikey/Desktop/sample/../libctru/lib/libctru.a(soc_getaddrinfo.o)
                              util.o (freeaddrinfo)
/home/omikey/Desktop/sample/../libctru/lib/libctru.a(soc_gai_strerror.o)
                              util.o (gai_strerror)
/home/omikey/Desktop/sample/../libctru/lib/libctru.a(soc_connect.o)
                              util.o (connect)
/home/omikey/Desktop/sample/../libctru/lib/libctru.a(soc_common.o)
                              /home/omikey/Desktop/sample/../libctru/lib/libctru.a(soc_gethostbyname.o) (_net_convert_error)
/home/omikey/Desktop/sample/../libctru/lib/libctru.a(soc_gethostid.o)
                              internet.o (gethostid)
/home/omikey/Desktop/sample/../libctru/lib/libctru.a(soc_inet_aton.o)
                              util.o (inet_aton)
/home/omikey/Desktop/sample/../libctru/lib/libctru.a(soc_fcntl.o)
                              util.o (fcntl)
/home/omikey/Desktop/sample/../libctru/lib/libctru.a(soc_inet_ntoa.o)
                              util.o (inet_ntoa)
/home/omikey/Desktop/sample/../libctru/lib/libctru.a(soc_init.o)
                              internet.o (socInit)
/home/omikey/Desktop/sample/../libctru/lib/libctru.a(soc_recvfrom.o)
                              /home/omikey/Desktop/sample/../libctru/lib/libctru.a(soc_init.o) (soc_recvfrom)
[...]
Memory Configuration

Name             Origin             Length             Attributes
*default*        0x0000000000000000 0xffffffffffffffff

Linker script and memory map

                0x0000000000100000                . = 0x100000
                0x0000000000100000                __start__ = .

.text           0x0000000000100000    0xdb658
 *(.crt0)
 .crt0          0x0000000000100000       0x94 /opt/devkitpro/devkitARM/lib/gcc/arm-none-eabi/5.3.0/../../../../arm-none-eabi/lib/armv6k/fpu/3dsx_crt0.o
                0x0000000000100000                _start
                0x0000000000100008                __service_ptr
                0x000000000010000c                __apt_appid
                0x0000000000100010                __heap_size
                0x0000000000100014                __linear_heap_size
                0x0000000000100018                __system_arglist
                0x000000000010001c                __system_runflags
 *(.init)
 .init          0x0000000000100094        0xc /opt/devkitpro/devkitARM/lib/gcc/arm-none-eabi/5.3.0/armv6k/fpu/crti.o
                0x0000000000100094                _init
 .init          0x00000000001000a0        0xc /opt/devkitpro/devkitARM/lib/gcc/arm-none-eabi/5.3.0/armv6k/fpu/crtn.o
                0x00000000001000ac                . = ALIGN (0x4)
 *(.text)
 .text          0x00000000001000ac      0x108 /opt/devkitpro/devkitARM/lib/gcc/arm-none-eabi/5.3.0/armv6k/fpu/crtbegin.o
 .text          0x00000000001001b4     0x157c websocket.o
                0x0000000000101184                sendPing
                0x00000000001011cc                sendPong
                0x0000000000101214                sendCloseing
                0x00000000001012e4                recvData
                0x00000000001015a0                sendUtf8Data
                0x00000000001015e0                sendBinary
                0x0000000000101628                wsCreateConnection
                0x00000000001016b4                wsContextNew
                0x00000000001016f4                wsContextFree
 .text          0x0000000000101730      0xc60 wsmask.o
                0x0000000000101730                print_usage
                0x0000000000101770                mask
                0x0000000000101e30                unmask
                0x00000000001022c8                masking_ops
 .text          0x0000000000102390      0x22c internet.o
                0x0000000000102444                inet_ntop
                0x00000000001024a8                internet_access
 .text          0x00000000001025bc      0x718 operations.o
                0x00000000001025bc                concatinate
                0x000000000010262c                getText
 .text          0x0000000000102cd4      0x94c main.o
                0x0000000000102cd4                main
 .text          0x0000000000103620     0x3bd0 util.o
                0x0000000000103698                base64_encode
                0x00000000001038a0                base64_decode
                0x00000000001066c4                sha1Init
                0x0000000000106750                sha1Update
                0x00000000001068cc                sha1Final
                0x0000000000106a78                digest_to_hex
                0x0000000000106b18                sha1BuffHex
                0x0000000000106ba4                sha1Buff
                0x0000000000106c38                sha1File
                0x0000000000106e60                ut_connect
                0x000000000010706c                ntohll
                0x00000000001070ec                htonll
                0x000000000010716c                str2lower
 .text          0x00000000001071f0     0x2160 /home/omikey/Desktop/sample/../libsf2d/lib/libsf2d.a(sf2d_texture.o)
                0x0000000000107314                sf2d_create_texture
                0x0000000000107508                sf2d_free_texture
                0x0000000000107558                sf2d_fill_texture_from_RGBA8
                0x0000000000107610                sf2d_create_texture_mem_RGBA8
                0x0000000000107654                sf2d_bind_texture
                0x00000000001076c8                sf2d_bind_texture_color
                0x0000000000107740                sf2d_bind_texture_parameters
                0x00000000001077b8                sf2d_texture_set_params
                0x00000000001077c0                sf2d_texture_get_params
                0x00000000001077c8                sf2d_draw_texture
                0x000000000010790c                sf2d_draw_texture_blend
                0x0000000000107a54                sf2d_draw_texture_rotate_hotspot
                0x0000000000107c08                sf2d_draw_texture_rotate_hotspot_blend
                0x0000000000107dc0                sf2d_draw_texture_rotate
                0x0000000000107f88                sf2d_draw_texture_rotate_blend
                0x0000000000108154                sf2d_draw_texture_part
                0x00000000001082d4                sf2d_draw_texture_part_blend
                0x0000000000108458                sf2d_draw_texture_scale
                0x00000000001085c4                sf2d_draw_texture_scale_blend
                0x0000000000108734                sf2d_draw_texture_part_scale
                0x000000000010888c                sf2d_draw_texture_part_scale_blend
                0x00000000001089e8                sf2d_draw_texture_part_rotate_scale
                0x0000000000108c0c                sf2d_draw_texture_part_rotate_scale_blend
                0x0000000000108e34                sf2d_draw_texture_depth
                0x0000000000108f94                sf2d_draw_texture_depth_blend
                0x00000000001090f8                sf2d_draw_quad_uv
                0x0000000000109228                sf2d_set_pixel
                0x00000000001092b4                sf2d_get_pixel
                0x0000000000109340                sf2d_texture_tile32
 .text          0x0000000000109350      0x774 /home/omikey/Desktop/sample/../libsf2d/lib/libsf2d.a(sf2d.o)
                0x0000000000109564                sf2d_init
                0x000000000010958c                sf2d_init_advanced
                0x00000000001095ac                sf2d_fini
                0x0000000000109610                sf2d_set_3D
                0x000000000010961c                sf2d_start_frame
                0x00000000001097b0                sf2d_end_frame
                0x000000000010989c                sf2d_swapbuffers
                0x000000000010994c                sf2d_set_vblank_wait
                0x000000000010995c                sf2d_get_fps
                0x000000000010996c                sf2d_pool_malloc
                0x0000000000109998                sf2d_pool_memalign
                0x00000000001099d8                sf2d_pool_calloc
                0x0000000000109a18                sf2d_pool_space_free
                0x0000000000109a30                sf2d_pool_reset
                0x0000000000109a44                sf2d_set_clear_color
                0x0000000000109a58                sf2d_set_scissor_test
                0x0000000000109aa4                sf2d_get_current_screen
                0x0000000000109ab4                sf2d_get_current_side
 .text          0x0000000000109ac4      0x60c /home/omikey/Desktop/sample/../libsf2d/lib/libsf2d.a(sf2d_draw.o)
                0x0000000000109ac4                sf2d_draw_line
                0x0000000000109c28                sf2d_draw_rectangle
                0x0000000000109d6c                sf2d_draw_rectangle_rotate
                0x0000000000109f54                sf2d_draw_fill_circle
 .text          0x000000000010a0d0      0x4b4 /home/omikey/Desktop/sample/../libsf2d/lib/libsf2d.a(sf2d_private.o)
                0x000000000010a0d0                GPU_SetDummyTexEnv
                0x000000000010a104                vector_mult_matrix4x4
                0x000000000010a188                matrix_gpu_set_uniform
                0x000000000010a198                matrix_copy
                0x000000000010a1d4                matrix_identity4x4
                0x000000000010a220                matrix_mult4x4
                0x000000000010a290                matrix_set_z_rotation
                0x000000000010a304                matrix_rotate_z
                0x000000000010a364                matrix_set_scaling
                0x000000000010a3b0                matrix_swap_xy
                0x000000000010a450                matrix_init_orthographic
                0x000000000010a564                next_pow2
 .text          0x000000000010a584       0x64 /home/omikey/Desktop/sample/../libctru/lib/libctru.a(stack_adjust.o)
                0x000000000010a584                initSystem
                0x000000000010a5c8                __ctru_exit
 .text          0x000000000010a5e8     0x110c /home/omikey/Desktop/sample/../libsftd/lib/libsftd.a(sftd.o)
                0x000000000010a758                sftd_init
                0x000000000010a798                sftd_fini
                0x000000000010a7dc                sftd_load_font_file
                0x000000000010a8bc                sftd_load_font_mem
                0x000000000010a980                sftd_free_font
                0x000000000010a9d0                sftd_draw_text
                0x000000000010ac1c                sftd_draw_textf
                0x000000000010ac7c                sftd_draw_wtext
                0x000000000010aec8                sftd_draw_wtextf
                0x000000000010af34                sftd_get_text_width
                0x000000000010b0e0                sftd_draw_text_wrap
                0x000000000010b3cc                sftd_calc_bounding_box
                0x000000000010b690                sftd_draw_textf_wrap
 .text          0x000000000010b6f4      0x250 /home/omikey/Desktop/sample/../libsftd/lib/libsftd.a(texture_atlas.o)
                0x000000000010b6f4                texture_atlas_create
                0x000000000010b77c                texture_atlas_free
                0x000000000010b7a8                texture_atlas_insert
                0x000000000010b8bc                texture_atlas_exists
                0x000000000010b8d4                texture_atlas_get
 .text          0x000000000010b944      0x1d8 /home/omikey/Desktop/sample/../libsftd/lib/libsftd.a(bin_packing_2d.o)
                0x000000000010b944                bp2d_create
                0x000000000010b990                bp2d_free
                0x000000000010b9c4                bp2d_insert
 .text          0x000000000010bb1c      0x320 /home/omikey/Desktop/sample/../libsftd/lib/libsftd.a(int_htab.o)
                0x000000000010bb1c                int_htab_create
                0x000000000010bb58                int_htab_free
                0x000000000010bba4                int_htab_insert
                0x000000000010bc8c                int_htab_resize
                0x000000000010bcf4                int_htab_find
                0x000000000010bd94                int_htab_erase
 .text          0x000000000010be3c       0xc8 /opt/devkitpro/portlibs/armv6k/lib/libfreetype.a(ftinit.o)
                0x000000000010be3c                FT_Add_Default_Modules
                0x000000000010be6c                FT_Init_FreeType
                0x000000000010bed8                FT_Done_FreeType
 .text          0x000000000010bf04     0xd0bc /opt/devkitpro/portlibs/armv6k/lib/libfreetype.a(ftbase.o)
                0x000000000010ca30                FT_RoundFix
                0x000000000010ca44                FT_CeilFix
                0x000000000010ca58                FT_FloorFix
                0x000000000010ca64                FT_Hypot
                0x000000000010cb88                FT_MulDiv
                0x000000000010cc88                FT_MulDiv_No_Round
                0x000000000010cd68                FT_MulFix
                0x000000000010cd88                FT_DivFix
                0x000000000010ce98                FT_Matrix_Multiply
                0x000000000010cfc8                FT_Matrix_Invert
                0x000000000010d08c                FT_Matrix_Multiply_Scaled
                0x000000000010d194                FT_Vector_Transform_Scaled
                0x000000000010d3ec                FT_Vector_NormLen
                0x000000000010d5a0                ft_corner_orientation
                0x000000000010d6b4                ft_corner_is_flat
                0x000000000010d744                FT_GlyphLoader_New
                0x000000000010d788                FT_GlyphLoader_Rewind
                0x000000000010d7c0                FT_GlyphLoader_Reset
                0x000000000010de90                FT_GlyphLoader_Done
                0x000000000010df94                FT_GlyphLoader_CreateExtra
                0x000000000010e074                FT_GlyphLoader_CheckSubGlyphs
                0x000000000010e1a0                FT_GlyphLoader_Prepare
                0x000000000010e21c                FT_GlyphLoader_Add
                0x000000000010e450                ft_service_list_lookup
                0x000000000010e4b0                ft_validator_init
                0x000000000010e4c8                ft_validator_run
                0x000000000010e4d0                ft_validator_error
                0x000000000010e4e4                FT_Stream_New
                0x000000000010e5fc                FT_Stream_Free
                0x000000000010e640                ft_glyphslot_free_bitmap
                0x000000000010e6a4                ft_glyphslot_set_bitmap
                0x000000000010e6fc                ft_glyphslot_alloc_bitmap
                0x000000000010e7ac                FT_New_GlyphSlot
                0x000000000010e918                FT_Done_GlyphSlot
                0x000000000010e9ac                FT_Set_Transform
                0x000000000010ea60                FT_Attach_File
                0x000000000010eb60                FT_Attach_Stream
                0x000000000010ecf4                FT_Reference_Face
                0x000000000010ed14                FT_Done_Face
                0x000000000010ede8                FT_New_Size
                0x000000000010ef68                FT_Done_Size
                0x000000000010f0a0                FT_Match_Size
                0x000000000010f1d0                ft_synthesize_vertical_metrics
                0x000000000010f240                FT_Select_Metrics
                0x000000000010f4dc                FT_Request_Metrics
                0x000000000010f868                FT_Select_Size
                0x000000000010f8d4                FT_Request_Size
                0x000000000010f964                FT_Set_Char_Size
                0x000000000010fa2c                FT_Set_Pixel_Sizes
                0x000000000010fb00                FT_Get_Kerning
                0x000000000010fc28                FT_Get_Track_Kerning
                0x000000000010fca8                FT_Select_Charmap
                0x000000000010fdb8                FT_Set_Charmap
                0x000000000010fea0                FT_Get_Charmap_Index
                0x000000000010ff0c                FT_Get_Char_Index
                0x000000000010ff54                FT_Get_First_Char
                0x0000000000110018                FT_Get_Next_Char
                0x00000000001100b0                FT_Face_GetCharVariantIndex
                0x00000000001101c0                FT_Face_GetCharVariantIsDefault
                0x00000000001102a8                FT_Face_GetVariantSelectors
                0x0000000000110388                FT_Face_GetVariantsOfChar
                0x0000000000110470                FT_Face_GetCharsOfVariant
                0x0000000000110558                FT_Get_Name_Index
                0x0000000000110604                FT_Get_Glyph_Name
                0x00000000001106f0                FT_Get_Postscript_Name
                0x0000000000110778                FT_Get_Sfnt_Table
                0x00000000001107e4                FT_Load_Sfnt_Table
                0x0000000000110868                FT_Sfnt_Table_Info
                0x00000000001108f4                FT_Get_CMap_Language_ID
                0x0000000000110974                FT_Get_CMap_Format
                0x00000000001109f0                FT_Activate_Size
                0x0000000000110a2c                FT_Lookup_Renderer
                0x0000000000110a90                FT_Get_Renderer
                0x0000000000110ae0                FT_Set_Renderer
                0x0000000000110be0                FT_Render_Glyph_Internal
                0x0000000000110cd8                FT_Render_Glyph
                0x0000000000110d08                FT_Get_Module
                0x0000000000110d74                FT_Get_Module_Interface
                0x0000000000110de4                ft_module_get_service
                0x0000000000110e68                FT_Remove_Module
                0x0000000000110e8c                FT_Property_Set
                0x0000000000110f80                FT_Property_Get
                0x0000000000111074                FT_Reference_Library
                0x0000000000111090                FT_New_Library
                0x000000000011110c                FT_Library_Version
                0x0000000000111144                FT_Done_Library
                0x0000000000111310                FT_Set_Debug_Hook
                0x000000000011133c                FT_Get_TrueType_Engine_Type
                0x0000000000111410                FT_Get_SubGlyph_Info
                0x00000000001114a4                FT_Outline_Decompose
                0x00000000001118b4                FT_Outline_Check
                0x000000000011195c                FT_Outline_Copy
                0x0000000000111a04                FT_Outline_Done_Internal
                0x0000000000111ab0                FT_Outline_Done
                0x0000000000111b70                FT_Outline_Get_CBox
                0x0000000000111c0c                FT_Outline_Translate
                0x0000000000111c60                FT_Outline_Reverse
                0x0000000000111d2c                FT_Outline_Render
                0x0000000000111dfc                FT_Outline_Get_Bitmap
                0x0000000000111ed8                FT_Vector_Transform
                0x0000000000111f80                FT_Outline_Transform
                0x000000000011271c                FT_Load_Glyph
                0x0000000000112ad8                FT_Get_Advances
                0x0000000000112b50                FT_Get_Advance
                0x0000000000112e50                FT_Load_Char
                0x0000000000112eb4                FT_Outline_Get_Orientation
                0x0000000000113000                FT_Outline_EmboldenXY
                0x00000000001133e4                FT_Outline_Embolden
                0x00000000001133ec                FT_Raccess_Guess
                0x0000000000113504                FT_Get_Sfnt_Name_Count
                0x0000000000113528                FT_Stream_OpenMemory
                0x0000000000113540                FT_Stream_Close
                0x0000000000113558                FT_Stream_Seek
                0x00000000001135a4                FT_Stream_Skip
                0x0000000000113608                FT_Stream_Pos
                0x0000000000113610                FT_Stream_Read
                0x0000000000113694                FT_Stream_ReadAt
                0x0000000000113714                FT_Stream_TryRead
                0x0000000000113784                FT_Stream_ExtractFrame
                0x00000000001138c4                FT_Stream_ReleaseFrame
                0x0000000000113904                FT_Stream_EnterFrame
                0x0000000000113a24                FT_Stream_ExitFrame
                0x0000000000113a68                FT_Stream_GetChar
                0x0000000000113a8c                FT_Stream_GetUShort
                0x0000000000113abc                FT_Stream_GetUShortLE
                0x0000000000113aec                FT_Stream_GetUOffset
                0x0000000000113b28                FT_Stream_GetULong
                0x0000000000113b6c                FT_Stream_GetULongLE
                0x0000000000113bb0                FT_Stream_ReadChar
                0x0000000000113c40                FT_Stream_ReadUShort
                0x0000000000113cd8                FT_Raccess_Get_HeaderInfo
                0x0000000000113f48                FT_Stream_ReadUShortLE
                0x0000000000113fe0                FT_Stream_ReadUOffset
                0x0000000000114084                FT_Stream_ReadULong
                0x0000000000114c00                FT_Stream_ReadULongLE
                0x0000000000114cac                FT_Stream_ReadFields
                0x0000000000114f20                FT_Cos
                0x0000000000114fec                FT_Sin
                0x00000000001150b8                FT_Tan
                0x0000000000115190                FT_Atan2
                0x00000000001151f8                FT_Vector_Unit
                0x00000000001152e0                FT_Vector_Rotate
                0x0000000000115528                FT_Vector_Length
                0x0000000000115670                FT_Vector_Polarize
                0x00000000001157c0                FT_Vector_From_Polar
                0x00000000001159f4                FT_Angle_Diff
                0x0000000000115a30                ft_mem_alloc
                0x0000000000115a90                FT_Add_Module
                0x0000000000115da0                ft_mem_qalloc
                0x0000000000115de4                ft_mem_realloc
                0x0000000000115ee8                FT_GlyphLoader_CheckPoints
                0x0000000000116110                FT_CMap_Done
                0x0000000000116244                FT_CMap_New
                0x00000000001163b0                FT_Outline_New_Internal
                0x0000000000116514                FT_Raccess_Get_DataOffsets
                0x0000000000117468                FT_Open_Face
                0x0000000000117d90                FT_New_Face
                0x0000000000117dd0                FT_New_Memory_Face
                0x0000000000118530                FT_Get_Sfnt_Name
                0x0000000000118680                FT_Outline_New
                0x00000000001187c4                FT_GlyphLoader_CopyPoints
                0x0000000000118b2c                ft_mem_qrealloc
                0x0000000000118c4c                ft_mem_free
                0x0000000000118c5c                ft_mem_dup
                0x0000000000118ccc                ft_mem_strdup
                0x0000000000118d58                ft_mem_strcpyn
                0x0000000000118dbc                FT_List_Find
                0x0000000000118e00                FT_List_Add
                0x0000000000118e34                FT_List_Insert
                0x0000000000118e68                FT_List_Remove
                0x0000000000118e98                FT_List_Up
                0x0000000000118edc                FT_List_Iterate
                0x0000000000118f30                FT_List_Finalize
 .text          0x0000000000118fc0     0xc09c /opt/devkitpro/portlibs/armv6k/lib/libfreetype.a(truetype.o)
                0x000000000011f53c                TT_RunIns
                0x0000000000123874                TT_New_Context
 .text          0x000000000012505c     0x5bfc /opt/devkitpro/portlibs/armv6k/lib/libfreetype.a(type1.o)
 .text          0x000000000012ac58     0xe128 /opt/devkitpro/portlibs/armv6k/lib/libfreetype.a(cff.o)
 .text          0x0000000000138d80     0x1c90 /opt/devkitpro/portlibs/armv6k/lib/libfreetype.a(type1cid.o)
 .text          0x000000000013aa10     0x3318 /opt/devkitpro/portlibs/armv6k/lib/libfreetype.a(pfr.o)
 .text          0x000000000013dd28     0x1e58 /opt/devkitpro/portlibs/armv6k/lib/libfreetype.a(type42.o)
 .text          0x000000000013fb80     0x10e4 /opt/devkitpro/portlibs/armv6k/lib/libfreetype.a(winfnt.o)
 .text          0x0000000000140c64     0x21b0 /opt/devkitpro/portlibs/armv6k/lib/libfreetype.a(pcf.o)
 .text          0x0000000000142e14     0x5210 /opt/devkitpro/portlibs/armv6k/lib/libfreetype.a(bdf.o)
 .text          0x0000000000148024     0xa78c /opt/devkitpro/portlibs/armv6k/lib/libfreetype.a(sfnt.o)
 .text          0x00000000001527b0     0x8d0c /opt/devkitpro/portlibs/armv6k/lib/libfreetype.a(autofit.o)
                0x000000000015b478                af_get_coverage
                0x000000000015b480                af_get_char_index
 .text          0x000000000015b4bc     0x4408 /opt/devkitpro/portlibs/armv6k/lib/libfreetype.a(pshinter.o)
                0x000000000015e44c                ps_hints_apply
 .text          0x000000000015f8c4      0xc64 /opt/devkitpro/portlibs/armv6k/lib/libfreetype.a(raster.o)
 .text          0x0000000000160528     0x263c /opt/devkitpro/portlibs/armv6k/lib/libfreetype.a(smooth.o)
 .text          0x0000000000162b64     0x3c7c /opt/devkitpro/portlibs/armv6k/lib/libfreetype.a(ftcache.o)
                0x0000000000164ad8                FTC_Manager_LookupSize
                0x0000000000164c2c                FTC_Manager_LookupFace
                0x0000000000164cf4                FTC_Manager_New
                0x0000000000164df8                FTC_Manager_Done
                0x0000000000164f5c                FTC_Manager_Reset
                0x00000000001650b0                FTC_Manager_RemoveFaceID
                0x0000000000165364                FTC_Node_Unref
                0x000000000016538c                FTC_CMapCache_New
                0x0000000000165488                FTC_CMapCache_Lookup
                0x0000000000165720                FTC_ImageCache_New
                0x000000000016581c                FTC_ImageCache_Lookup
                0x0000000000165b38                FTC_ImageCache_LookupScaler
                0x0000000000165efc                FTC_SBitCache_New
                0x0000000000165ff8                FTC_SBitCache_Lookup
                0x000000000016639c                FTC_SBitCache_LookupScaler
 .text          0x00000000001667e0      0x9a4 /opt/devkitpro/portlibs/armv6k/lib/libfreetype.a(ftgzip.o)
                0x0000000000166af0                FT_Stream_OpenGzip
                0x000000000016707c                FT_Gzip_Uncompress
 .text          0x0000000000167184     0x14a8 /opt/devkitpro/portlibs/armv6k/lib/libfreetype.a(ftlzw.o)
                0x00000000001673ac                FT_Stream_OpenLZW
                0x0000000000167594                ft_lzwstate_reset
                0x00000000001675c0                ft_lzwstate_init
                0x000000000016762c                ft_lzwstate_done
                0x000000000016769c                ft_lzwstate_io
 .text          0x000000000016862c     0x6bb4 /opt/devkitpro/portlibs/armv6k/lib/libfreetype.a(psaux.o)
 .text          0x000000000016f1e0      0xa78 /opt/devkitpro/portlibs/armv6k/lib/libfreetype.a(psnames.o)
 .text          0x000000000016fc58      0x194 /opt/devkitpro/portlibs/armv6k/lib/libfreetype.a(ftsystem.o)
                0x000000000016fcf4                FT_Stream_Open
                0x000000000016fda4                FT_New_Memory
                0x000000000016fde8                FT_Done_Memory
 .text          0x000000000016fdec      0xf78 /opt/devkitpro/portlibs/armv6k/lib/libfreetype.a(ftbitmap.o)
                0x000000000016fdec                FT_Bitmap_Init
                0x000000000016fe1c                FT_Bitmap_New
                0x000000000016fe4c                FT_Bitmap_Copy
                0x000000000016fff8                FT_Bitmap_Convert
                0x000000000017051c                FT_Bitmap_Embolden
                0x0000000000170c54                FT_GlyphSlot_Own_Bitmap
                0x0000000000170d08                FT_Bitmap_Done
 .text          0x0000000000170d64      0x840 /opt/devkitpro/portlibs/armv6k/lib/libfreetype.a(ftglyph.o)
                0x0000000000170f7c                FT_Glyph_Copy
                0x0000000000171070                FT_Get_Glyph
                0x0000000000171190                FT_Glyph_Transform
                0x00000000001711f4                FT_Glyph_Get_CBox
                0x0000000000171298                FT_Done_Glyph
                0x00000000001712cc                FT_Glyph_To_Bitmap
 *fill*         0x00000000001715a4        0x4 
 .text          0x00000000001715a8     0x6cc8 /opt/devkitpro/portlibs/armv6k/lib/libpng16.a(png.o)
                0x00000000001715a8                png_zalloc
                0x0000000000171600                png_zfree
                0x0000000000171f00                png_set_sig_bytes
                0x0000000000171f40                png_sig_cmp
                0x0000000000171fb0                png_reset_crc
                0x0000000000171fd0                png_calculate_crc
                0x0000000000172024                png_user_version_check
                0x0000000000172124                png_create_png_struct
                0x0000000000172238                png_create_info_struct
                0x0000000000172278                png_destroy_info_struct
                0x0000000000172600                png_info_init_3
                0x0000000000172658                png_data_freer
                0x00000000001726a4                png_free_data
                0x00000000001726b4                png_get_io_ptr
                0x00000000001726c0                png_init_io
                0x00000000001726cc                png_save_int_32
                0x00000000001726d0                png_convert_to_rfc1123_buffer
                0x00000000001728b4                png_convert_to_rfc1123
                0x0000000000172aa8                png_get_copyright
                0x0000000000172ab4                png_get_libpng_ver
                0x0000000000172ac0                png_get_header_ver
                0x0000000000172acc                png_get_header_version
                0x0000000000172ad8                png_build_grayscale_palette
                0x0000000000172b38                png_handle_as_unknown
                0x0000000000172bac                png_chunk_unknown_handling
                0x0000000000172c3c                png_reset_zstream
                0x0000000000172c54                png_access_version_number
                0x0000000000172c60                png_zstream_error
                0x0000000000172d44                png_colorspace_set_gamma
                0x0000000000172eb0                png_colorspace_sync_info
                0x0000000000172f20                png_colorspace_sync
                0x0000000000172fa8                png_colorspace_set_sRGB
                0x000000000017322c                png_icc_check_length
                0x00000000001733c4                png_icc_check_header
                0x0000000000173720                png_icc_check_tag_table
                0x0000000000173858                png_icc_set_sRGB
                0x0000000000173aac                png_colorspace_set_ICC
                0x0000000000173e84                png_colorspace_set_rgb_coefficients
                0x000000000017412c                png_check_IHDR
                0x00000000001743e4                png_check_fp_number
                0x000000000017467c                png_check_fp_string
                0x000000000017493c                png_ascii_from_fp
                0x0000000000175268                png_ascii_from_fixed
                0x0000000000175698                png_fixed
                0x0000000000175720                png_muldiv
                0x00000000001757d8                png_muldiv_warn
                0x0000000000175894                png_reciprocal
                0x0000000000175920                png_colorspace_set_endpoints
                0x0000000000176920                png_colorspace_set_chromaticities
                0x00000000001773f4                png_gamma_significant
                0x0000000000177414                png_reciprocal2
                0x00000000001774d0                png_gamma_8bit_correct
                0x0000000000177558                png_gamma_16bit_correct
                0x00000000001775ec                png_gamma_correct
                0x00000000001776fc                png_destroy_gamma_table
                0x0000000000177830                png_build_gamma_table
                0x000000000017816c                png_set_option
                0x00000000001781cc                png_image_free
                0x0000000000178208                png_image_error
 .text          0x0000000000178270     0x1a6c /opt/devkitpro/portlibs/armv6k/lib/libpng16.a(pngerror.o)
                0x00000000001784dc                png_safecat
                0x0000000000178550                png_format_number
                0x00000000001786bc                png_warning
                0x0000000000178804                png_warning_parameter
                0x0000000000178880                png_warning_parameter_unsigned
                0x0000000000178914                png_warning_parameter_signed
                0x00000000001789e0                png_formatted_warning
                0x0000000000178cb8                png_chunk_warning
                0x0000000000178e64                png_free_jmpbuf
                0x0000000000178ef4                png_longjmp
                0x0000000000178f20                png_error
                0x0000000000178f80                png_app_warning
                0x00000000001790d8                png_app_error
                0x0000000000179230                png_chunk_error
                0x000000000017925c                png_chunk_benign_error
                0x0000000000179400                png_benign_error
                0x00000000001796d0                png_fixed_error
                0x0000000000179750                png_set_longjmp_fn
                0x0000000000179834                png_chunk_report
                0x0000000000179b0c                png_set_error_fn
                0x0000000000179b20                png_get_error_ptr
                0x0000000000179b2c                png_safe_error
                0x0000000000179bd0                png_safe_warning
                0x0000000000179c44                png_safe_execute
 *fill*         0x0000000000179cdc        0x4 
 .text          0x0000000000179ce0     0x12d0 /opt/devkitpro/portlibs/armv6k/lib/libpng16.a(pngget.o)
                0x0000000000179ce0                png_get_valid
                0x0000000000179cfc                png_get_rowbytes
                0x0000000000179d14                png_get_rows
                0x0000000000179d2c                png_get_image_width
                0x0000000000179d44                png_get_image_height
                0x0000000000179d5c                png_get_bit_depth
                0x0000000000179d74                png_get_color_type
                0x0000000000179d8c                png_get_filter_type
                0x0000000000179da4                png_get_interlace_type
                0x0000000000179dbc                png_get_compression_type
                0x0000000000179dd4                png_get_x_pixels_per_meter
                0x0000000000179e08                png_get_y_pixels_per_meter
                0x0000000000179e3c                png_get_pixels_per_meter
                0x0000000000179e88                png_get_pixel_aspect_ratio
                0x0000000000179ed0                png_get_pixel_aspect_ratio_fixed
                0x0000000000179f60                png_get_x_offset_microns
                0x0000000000179f94                png_get_y_offset_microns
                0x0000000000179fc8                png_get_x_offset_pixels
                0x0000000000179ffc                png_get_y_offset_pixels
                0x000000000017a030                png_get_pixels_per_inch
                0x000000000017a0bc                png_get_x_pixels_per_inch
                0x000000000017a138                png_get_y_pixels_per_inch
                0x000000000017a1b4                png_get_x_offset_inches_fixed
                0x000000000017a204                png_get_y_offset_inches_fixed
                0x000000000017a254                png_get_x_offset_inches
                0x000000000017a2a4                png_get_y_offset_inches
                0x000000000017a2f4                png_get_pHYs_dpi
                0x000000000017a3c0                png_get_channels
                0x000000000017a3d8                png_get_signature
                0x000000000017a3f0                png_get_bKGD
                0x000000000017a42c                png_get_cHRM
                0x000000000017a540                png_get_cHRM_XYZ
                0x000000000017a670                png_get_cHRM_XYZ_fixed
                0x000000000017a748                png_get_cHRM_fixed
                0x000000000017a80c                png_get_gAMA_fixed
                0x000000000017a844                png_get_gAMA
                0x000000000017a898                png_get_sRGB
                0x000000000017a8d4                png_get_iCCP
                0x000000000017a978                png_get_sPLT
                0x000000000017a9a8                png_get_hIST
                0x000000000017a9e4                png_get_IHDR
                0x000000000017aaa0                png_get_oFFs
                0x000000000017ab0c                png_get_pCAL
                0x000000000017abdc                png_get_sCAL_fixed
                0x000000000017ac64                png_get_sCAL
                0x000000000017acbc                png_get_sCAL_s
                0x000000000017ad00                png_get_pHYs
                0x000000000017ad60                png_get_PLTE
                0x000000000017ada4                png_get_sBIT
                0x000000000017ade0                png_get_text
                0x000000000017ae28                png_get_tIME
                0x000000000017ae64                png_get_tRNS
                0x000000000017aef4                png_get_unknown_chunks
                0x000000000017af24                png_get_rgb_to_gray_status
                0x000000000017af30                png_get_user_chunk_ptr
                0x000000000017af3c                png_get_compression_buffer_size
                0x000000000017af58                png_get_user_width_max
                0x000000000017af64                png_get_user_height_max
                0x000000000017af70                png_get_chunk_cache_max
                0x000000000017af7c                png_get_chunk_malloc_max
                0x000000000017af88                png_get_io_state
                0x000000000017af90                png_get_io_chunk_type
                0x000000000017af98                png_get_palette_max
 .text          0x000000000017afb0      0x3ec /opt/devkitpro/portlibs/armv6k/lib/libpng16.a(pngmem.o)
                0x000000000017afb0                png_destroy_png_struct
                0x000000000017b018                png_calloc
                0x000000000017b090                png_malloc_base
                0x000000000017b0c0                png_malloc_array
                0x000000000017b13c                png_realloc_array
                0x000000000017b244                png_malloc
                0x000000000017b2a0                png_malloc_default
                0x000000000017b2e0                png_malloc_warn
                0x000000000017b344                png_free
                0x000000000017b368                png_free_default
                0x000000000017b37c                png_set_mem_fn
                0x000000000017b390                png_get_mem_ptr
 .text          0x000000000017b39c     0x76f8 /opt/devkitpro/portlibs/armv6k/lib/libpng16.a(pngread.o)
                0x0000000000180fe8                png_create_read_struct
                0x0000000000181040                png_create_read_struct_2
                0x000000000018109c                png_read_info
                0x00000000001810ac                png_read_update_info
                0x00000000001810f0                png_start_read_image
                0x0000000000181114                png_read_row
                0x000000000018146c                png_read_rows
                0x0000000000181860                png_read_image
                0x0000000000181bfc                png_read_end
                0x000000000018208c                png_destroy_read_struct
                0x0000000000182310                png_set_read_status_fn
                0x000000000018231c                png_read_png
                0x00000000001825d4                png_image_begin_read_from_stdio
                0x0000000000182784                png_image_begin_read_from_file
                0x000000000018284c                png_image_begin_read_from_memory
                0x00000000001828e8                png_image_finish_read
 .text          0x0000000000182a94       0xac /opt/devkitpro/portlibs/armv6k/lib/libpng16.a(pngrio.o)
                0x0000000000182a94                png_default_read_data
                0x0000000000182ad0                png_read_data
                0x0000000000182af0                png_set_read_fn
 .text          0x0000000000182b40     0x5ff8 /opt/devkitpro/portlibs/armv6k/lib/libpng16.a(pngrtran.o)
                0x0000000000183e8c                png_set_crc_action
                0x0000000000183f68                png_set_background_fixed
                0x0000000000184020                png_set_background
                0x00000000001840f8                png_set_scale_16
                0x0000000000184130                png_set_strip_16
                0x0000000000184168                png_set_strip_alpha
                0x00000000001841a0                png_set_alpha_mode_fixed
                0x000000000018439c                png_set_alpha_mode
                0x000000000018464c                png_set_quantize
                0x0000000000184ef4                png_set_gamma_fixed
                0x0000000000184ffc                png_set_gamma
                0x0000000000185230                png_set_expand
                0x000000000018526c                png_set_palette_to_rgb
                0x00000000001852a8                png_set_expand_gray_1_2_4_to_8
                0x00000000001852e0                png_set_tRNS_to_alpha
                0x000000000018531c                png_set_expand_16
                0x0000000000185358                png_set_gray_to_rgb
                0x0000000000185390                png_set_rgb_to_gray_fixed
                0x00000000001854e8                png_set_rgb_to_gray
                0x000000000018568c                png_set_read_user_transform_fn
                0x00000000001856a0                png_init_read_transformations
                0x0000000000186388                png_read_transform_info
                0x0000000000186654                png_do_read_transformations
 .text          0x0000000000188b38     0x5320 /opt/devkitpro/portlibs/armv6k/lib/libpng16.a(pngrutil.o)
                0x0000000000189770                png_get_uint_31
                0x00000000001897ac                png_get_uint_32
                0x00000000001897d0                png_get_int_32
                0x0000000000189808                png_get_uint_16
                0x000000000018981c                png_read_sig
                0x00000000001898c8                png_read_chunk_header
                0x0000000000189a38                png_crc_read
                0x0000000000189a68                png_crc_finish
                0x0000000000189be8                png_crc_error
                0x0000000000189c88                png_handle_IHDR
                0x0000000000189e00                png_handle_PLTE
                0x000000000018a050                png_handle_IEND
                0x000000000018a0a4                png_handle_gAMA
                0x000000000018a188                png_handle_sBIT
                0x000000000018a39c                png_handle_cHRM
                0x000000000018a65c                png_handle_sRGB
                0x000000000018a764                png_handle_iCCP
                0x000000000018ad48                png_handle_sPLT
                0x000000000018b068                png_handle_tRNS
                0x000000000018b2a4                png_handle_bKGD
                0x000000000018b4d4                png_handle_hIST
                0x000000000018b60c                png_handle_pHYs
                0x000000000018b748                png_handle_oFFs
                0x000000000018b8e8                png_handle_pCAL
                0x000000000018bc98                png_handle_sCAL
                0x000000000018bf20                png_handle_tIME
                0x000000000018c034                png_handle_tEXt
                0x000000000018c1f4                png_handle_zTXt
                0x000000000018c448                png_handle_iTXt
                0x000000000018c7b0                png_handle_unknown
                0x000000000018cb08                png_check_chunk_name
                0x000000000018cbd0                png_combine_row
                0x000000000018d0c0                png_do_read_interlace
                0x000000000018d54c                png_read_filter_row
                0x000000000018d5d4                png_read_IDAT_data
                0x000000000018d950                png_read_finish_IDAT
                0x000000000018d9c8                png_read_finish_row
                0x000000000018db18                png_read_start_row
 .text          0x000000000018de58     0x1eb8 /opt/devkitpro/portlibs/armv6k/lib/libpng16.a(pngset.o)
                0x000000000018e1b8                png_set_bKGD
                0x000000000018e204                png_set_cHRM_fixed
                0x000000000018e294                png_set_cHRM_XYZ_fixed
                0x000000000018e32c                png_set_cHRM
                0x000000000018e480                png_set_cHRM_XYZ
                0x000000000018e5f4                png_set_gAMA_fixed
                0x000000000018e624                png_set_gAMA
                0x000000000018e668                png_set_hIST
                0x000000000018e714                png_set_IHDR
                0x000000000018e7f0                png_set_oFFs
                0x000000000018e81c                png_set_pCAL
                0x000000000018ea9c                png_set_sCAL_s
                0x000000000018ec00                png_set_sCAL
                0x000000000018edcc                png_set_sCAL_fixed
                0x000000000018ef7c                png_set_pHYs
                0x000000000018efa8                png_set_PLTE
                0x000000000018f0dc                png_set_sBIT
                0x000000000018f120                png_set_sRGB
                0x000000000018f150                png_set_sRGB_gAMA_and_cHRM
                0x000000000018f190                png_set_iCCP
                0x000000000018f2e4                png_set_text
                0x000000000018f328                png_set_text_2
                0x000000000018f360                png_set_tIME
                0x000000000018f400                png_set_tRNS
                0x000000000018f540                png_set_sPLT
                0x000000000018f6b0                png_set_unknown_chunks
                0x000000000018f840                png_set_unknown_chunk_location
                0x000000000018f8ec                png_permit_mng_features
                0x000000000018f900                png_set_keep_unknown_chunks
                0x000000000018fbb4                png_set_read_user_chunk_fn
                0x000000000018fbc4                png_set_rows
                0x000000000018fc20                png_set_compression_buffer_size
                0x000000000018fca4                png_set_invalid
                0x000000000018fcbc                png_set_user_limits
                0x000000000018fccc                png_set_chunk_cache_max
                0x000000000018fcd8                png_set_chunk_malloc_max
                0x000000000018fce4                png_set_benign_errors
                0x000000000018fcfc                png_set_check_for_invalid_index
 .text          0x000000000018fd10      0xa8c /opt/devkitpro/portlibs/armv6k/lib/libpng16.a(pngtrans.o)
                0x000000000018fd10                png_set_bgr
                0x000000000018fd24                png_set_swap
                0x000000000018fd44                png_set_packing
                0x000000000018fd6c                png_set_packswap
                0x000000000018fd8c                png_set_shift
                0x000000000018fdb4                png_set_interlace_handling
                0x000000000018fde4                png_set_filler
                0x000000000018fe6c                png_set_add_alpha
                0x000000000018ff14                png_set_swap_alpha
                0x000000000018ff28                png_set_invert_alpha
                0x000000000018ff3c                png_set_invert_mono
                0x000000000018ff50                png_do_invert
                0x0000000000190140                png_do_swap
                0x000000000019018c                png_do_packswap
                0x00000000001901f8                png_do_strip_channel
                0x0000000000190424                png_do_bgr
                0x0000000000190560                png_do_check_palette_indexes
                0x000000000019072c                png_set_user_transform_info
                0x0000000000190770                png_get_user_transform_ptr
                0x000000000019077c                png_get_current_row_number
                0x000000000019078c                png_get_current_pass_number
 .text          0x000000000019079c     0x37ac /opt/devkitpro/portlibs/armv6k/lib/libpng16.a(pngwrite.o)
                0x0000000000190db0                png_write_info_before_PLTE
                0x00000000001913f0                png_write_info
                0x0000000000191400                png_write_end
                0x000000000019164c                png_convert_from_struct_tm
                0x000000000019168c                png_convert_from_time_t
                0x00000000001916ec                png_create_write_struct
                0x0000000000191778                png_create_write_struct_2
                0x0000000000191808                png_write_rows
                0x0000000000191bd8                png_write_image
                0x0000000000191fb8                png_write_row
                0x0000000000192a60                png_set_flush
                0x0000000000192a70                png_write_flush
                0x0000000000192ab4                png_destroy_write_struct
                0x0000000000192b64                png_set_filter
                0x0000000000193500                png_set_filter_heuristics
                0x0000000000193504                png_set_filter_heuristics_fixed
                0x0000000000193508                png_set_compression_level
                0x0000000000193514                png_set_compression_mem_level
                0x0000000000193520                png_set_compression_strategy
                0x0000000000193538                png_set_compression_window_bits
                0x000000000019358c                png_set_compression_method
                0x00000000001935bc                png_set_text_compression_level
                0x00000000001935c8                png_set_text_compression_mem_level
                0x00000000001935d4                png_set_text_compression_strategy
                0x00000000001935e0                png_set_text_compression_window_bits
                0x0000000000193634                png_set_text_compression_method
                0x0000000000193664                png_set_write_status_fn
                0x0000000000193670                png_set_write_user_transform_fn
                0x0000000000193688                png_write_png
                0x0000000000193bb8                png_image_write_to_stdio
                0x0000000000193e08                png_image_write_to_file
 .text          0x0000000000193f48      0x778 /opt/devkitpro/portlibs/armv6k/lib/libpng16.a(pngwtran.o)
                0x0000000000193f48                png_do_write_transformations
 .text          0x00000000001946c0     0x40cc /opt/devkitpro/portlibs/armv6k/lib/libpng16.a(pngwutil.o)
                0x0000000000195074                png_save_uint_32
                0x0000000000195094                png_save_uint_16
                0x00000000001950a4                png_write_sig
                0x0000000000195100                png_write_chunk_start
                0x00000000001951ac                png_write_chunk_data
                0x00000000001951e8                png_write_chunk_end
                0x0000000000195234                png_write_chunk
                0x0000000000195360                png_free_buffer_list
                0x0000000000195398                png_write_IHDR
                0x0000000000195730                png_write_PLTE
                0x0000000000195900                png_compress_IDAT
                0x0000000000195d3c                png_write_IEND
                0x0000000000195e04                png_write_gAMA_fixed
                0x0000000000195f04                png_write_sRGB
                0x000000000019600c                png_write_iCCP
                0x0000000000196274                png_write_sPLT
                0x00000000001964c4                png_write_sBIT
                0x00000000001965cc                png_write_cHRM_fixed
                0x0000000000196720                png_write_tRNS
                0x00000000001968f8                png_write_bKGD
                0x0000000000196af8                png_write_hIST
                0x0000000000196c34                png_write_tEXt
                0x0000000000196de4                png_write_zTXt
                0x000000000019702c                png_write_iTXt
                0x00000000001973f4                png_write_oFFs
                0x000000000019751c                png_write_pCAL
                0x000000000019782c                png_write_sCAL_s
                0x00000000001978d0                png_write_pHYs
                0x0000000000197a1c                png_write_tIME
                0x0000000000197ab8                png_write_start_row
                0x0000000000197c0c                png_write_finish_row
                0x0000000000197d4c                png_do_write_interlace
                0x0000000000197fbc                png_write_find_filter
 .text          0x000000000019878c       0xd8 /opt/devkitpro/portlibs/armv6k/lib/libpng16.a(pngwio.o)
                0x000000000019878c                png_default_write_data
                0x00000000001987c8                png_default_flush
                0x00000000001987d8                png_write_data
                0x00000000001987f8                png_flush
                0x0000000000198808                png_set_write_fn
 .text          0x0000000000198864      0x5c0 /opt/devkitpro/portlibs/armv6k/lib/libz.a(adler32.o)
                0x0000000000198864                adler32
                0x0000000000198cac                adler32_combine
                0x0000000000198d68                adler32_combine64
 .text          0x0000000000198e24      0x5d8 /opt/devkitpro/portlibs/armv6k/lib/libz.a(crc32.o)
                0x0000000000199038                get_crc_table
                0x0000000000199044                crc32
                0x00000000001993f4                crc32_combine
                0x00000000001993f8                crc32_combine64
 .text          0x00000000001993fc     0x40e0 /opt/devkitpro/portlibs/armv6k/lib/libz.a(deflate.o)
                0x000000000019aa78                deflateSetDictionary
                0x000000000019ac90                deflateResetKeep
                0x000000000019ad68                deflateReset
                0x000000000019aed0                deflateSetHeader
                0x000000000019af04                deflatePending
                0x000000000019af50                deflatePrime
                0x000000000019aff8                deflateTune
                0x000000000019b030                deflateBound
                0x000000000019b144                deflate
                0x000000000019c994                deflateParams
                0x000000000019cab0                deflateEnd
                0x000000000019cbd0                deflateInit2_
                0x000000000019cf98                deflateInit_
                0x000000000019d2d8                deflateCopy
 .text          0x000000000019d4dc     0x2c58 /opt/devkitpro/portlibs/armv6k/lib/libz.a(inflate.o)
                0x000000000019d4dc                inflateResetKeep
                0x000000000019d56c                inflateReset
                0x000000000019d608                inflateReset2
                0x000000000019d728                inflateInit2_
                0x000000000019d8b0                inflateInit_
                0x000000000019da14                inflatePrime
                0x000000000019da8c                inflate
                0x000000000019f928                inflateEnd
                0x000000000019f98c                inflateGetDictionary
                0x000000000019fa24                inflateSetDictionary
                0x000000000019fbcc                inflateGetHeader
                0x000000000019fc08                inflateSync
                0x000000000019fec0                inflateSyncPoint
                0x000000000019ff00                inflateCopy
                0x00000000001a00ac                inflateUndermine
                0x00000000001a00dc                inflateMark
 .text          0x00000000001a0134      0xbf4 /opt/devkitpro/portlibs/armv6k/lib/libz.a(inftrees.o)
                0x00000000001a0134                inflate_table
 .text          0x00000000001a0d28     0x257c /opt/devkitpro/portlibs/armv6k/lib/libz.a(trees.o)
                0x00000000001a2258                _tr_init
                0x00000000001a2324                _tr_stored_block
                0x00000000001a24b8                _tr_flush_bits
                0x00000000001a2554                _tr_align
                0x00000000001a26d8                _tr_flush_block
                0x00000000001a31ec                _tr_tally
 .text          0x00000000001a32a4       0x38 /opt/devkitpro/portlibs/armv6k/lib/libz.a(zutil.o)
                0x00000000001a32a4                zlibVersion
                0x00000000001a32b0                zlibCompileFlags
                0x00000000001a32b8                zError
                0x00000000001a32cc                zcalloc
                0x00000000001a32d4                zcfree
 .text          0x00000000001a32dc      0xbe4 /opt/devkitpro/portlibs/armv6k/lib/libz.a(inffast.o)
                0x00000000001a32dc                inflate_fast
 .text          0x00000000001a3ec0      0x20c /opt/devkitpro/devkitARM/lib/gcc/arm-none-eabi/5.3.0/armv6k/fpu/libgcc.a(_udivsi3.o)
                0x00000000001a3ec0                __udivsi3
                0x00000000001a3ec0                __aeabi_uidiv
                0x00000000001a40ac                __aeabi_uidivmod
 .text          0x00000000001a40cc      0x240 /opt/devkitpro/devkitARM/lib/gcc/arm-none-eabi/5.3.0/armv6k/fpu/libgcc.a(_divsi3.o)
                0x00000000001a40cc                __aeabi_idiv
                0x00000000001a40cc                __divsi3
                0x00000000001a42ec                __aeabi_idivmod
 .text          0x00000000001a430c        0x4 /opt/devkitpro/devkitARM/lib/gcc/arm-none-eabi/5.3.0/armv6k/fpu/libgcc.a(_dvmd_tls.o)
                0x00000000001a430c                __aeabi_ldiv0
                0x00000000001a430c                __aeabi_idiv0
 .text          0x00000000001a4310      0x250 /opt/devkitpro/devkitARM/lib/gcc/arm-none-eabi/5.3.0/armv6k/fpu/libgcc.a(_arm_addsubsf3.o)
                0x00000000001a4310                __aeabi_frsub
                0x00000000001a4318                __subsf3
                0x00000000001a4318                __aeabi_fsub
                0x00000000001a431c                __aeabi_fadd
                0x00000000001a431c                __addsf3
                0x00000000001a44ac                __aeabi_ui2f
                0x00000000001a44ac                __floatunsisf
                0x00000000001a44b4                __aeabi_i2f
                0x00000000001a44b4                __floatsisf
                0x00000000001a44d4                __floatundisf
                0x00000000001a44d4                __aeabi_ul2f
                0x00000000001a44e4                __floatdisf
                0x00000000001a44e4                __aeabi_l2f
 .text          0x00000000001a4560       0x3c /opt/devkitpro/devkitARM/lib/gcc/arm-none-eabi/5.3.0/armv6k/fpu/libgcc.a(_aeabi_uldivmod.o)
                0x00000000001a4560                __aeabi_uldivmod
 .text          0x00000000001a459c      0x128 /opt/devkitpro/devkitARM/lib/gcc/arm-none-eabi/5.3.0/armv6k/fpu/libgcc.a(_udivmoddi4.o)
                0x00000000001a459c                __udivmoddi4
 .text          0x00000000001a46c4       0x2c /opt/devkitpro/devkitARM/lib/gcc/arm-none-eabi/5.3.0/../../../../arm-none-eabi/lib/armv6k/fpu/libg.a(lib_a-setjmp.o)
                0x00000000001a46c4                setjmp
                0x00000000001a46d8                longjmp
 *fill*         0x00000000001a46f0       0x10 
 .text          0x00000000001a4700      0x3a0 /opt/devkitpro/devkitARM/lib/gcc/arm-none-eabi/5.3.0/../../../../arm-none-eabi/lib/armv6k/fpu/libg.a(lib_a-strcmp.o)
                0x00000000001a4708                strcmp
 .text          0x00000000001a4aa0      0x1c4 /opt/devkitpro/devkitARM/lib/gcc/arm-none-eabi/5.3.0/../../../../arm-none-eabi/lib/armv6k/fpu/libsysbase.a(iosupport.o)
                0x00000000001a4aa8                setDefaultDevice
                0x00000000001a4ac0                FindDevice
                0x00000000001a4b7c                RemoveDevice
                0x00000000001a4ba8                AddDevice
                0x00000000001a4c40                GetDeviceOpTab
 .text          0x00000000001a4c64       0x7c /opt/devkitpro/devkitARM/lib/gcc/arm-none-eabi/5.3.0/../../../../arm-none-eabi/lib/armv6k/fpu/libsysbase.a(close.o)
                0x00000000001a4c64                _close_r
 .text          0x00000000001a4ce0       0x6c /opt/devkitpro/devkitARM/lib/gcc/arm-none-eabi/5.3.0/../../../../arm-none-eabi/lib/armv6k/fpu/libsysbase.a(fstat.o)
                0x00000000001a4ce0                _fstat_r
 .text          0x00000000001a4d4c       0x10 /opt/devkitpro/devkitARM/lib/gcc/arm-none-eabi/5.3.0/../../../../arm-none-eabi/lib/armv6k/fpu/libsysbase.a(getpid.o)
                0x00000000001a4d4c                _getpid_r
 .text          0x00000000001a4d5c        0x8 /opt/devkitpro/devkitARM/lib/gcc/arm-none-eabi/5.3.0/../../../../arm-none-eabi/lib/armv6k/fpu/libsysbase.a(isatty.o)
                0x00000000001a4d5c                _isatty_r
 .text          0x00000000001a4d64       0x10 /opt/devkitpro/devkitARM/lib/gcc/arm-none-eabi/5.3.0/../../../../arm-none-eabi/lib/armv6k/fpu/libsysbase.a(kill.o)
                0x00000000001a4d64                _kill_r
 .text          0x00000000001a4d74       0x78 /opt/devkitpro/devkitARM/lib/gcc/arm-none-eabi/5.3.0/../../../../arm-none-eabi/lib/armv6k/fpu/libsysbase.a(lseek.o)
                0x00000000001a4d74                _lseek_r
 .text          0x00000000001a4dec       0xc8 /opt/devkitpro/devkitARM/lib/gcc/arm-none-eabi/5.3.0/../../../../arm-none-eabi/lib/armv6k/fpu/libsysbase.a(open.o)
                0x00000000001a4dec                _open_r
 .text          0x00000000001a4eb4       0x78 /opt/devkitpro/devkitARM/lib/gcc/arm-none-eabi/5.3.0/../../../../arm-none-eabi/lib/armv6k/fpu/libsysbase.a(read.o)
                0x00000000001a4eb4                _read_r
 .text          0x00000000001a4f2c       0x70 /opt/devkitpro/devkitARM/lib/gcc/arm-none-eabi/5.3.0/../../../../arm-none-eabi/lib/armv6k/fpu/libsysbase.a(sbrk.o)
                0x00000000001a4f2c                _sbrk_r
 .text          0x00000000001a4f9c       0x5c /opt/devkitpro/devkitARM/lib/gcc/arm-none-eabi/5.3.0/../../../../arm-none-eabi/lib/armv6k/fpu/libsysbase.a(unlink.o)
                0x00000000001a4f9c                _unlink_r
 .text          0x00000000001a4ff8       0x78 /opt/devkitpro/devkitARM/lib/gcc/arm-none-eabi/5.3.0/../../../../arm-none-eabi/lib/armv6k/fpu/libsysbase.a(write.o)
                0x00000000001a4ff8                _write_r
 .text          0x00000000001a5070       0x20 /opt/devkitpro/devkitARM/lib/gcc/arm-none-eabi/5.3.0/../../../../arm-none-eabi/lib/armv6k/fpu/libsysbase.a(_exit.o)
                0x00000000001a5070                _exit
 .text          0x00000000001a5090      0x3b0 /opt/devkitpro/devkitARM/lib/gcc/arm-none-eabi/5.3.0/../../../../arm-none-eabi/lib/armv6k/fpu/libsysbase.a(chdir.o)
                0x00000000001a5090                _concatenate_path
                0x00000000001a524c                chdir
                0x00000000001a53a0                getcwd
 .text          0x00000000001a5440       0x10 /opt/devkitpro/devkitARM/lib/gcc/arm-none-eabi/5.3.0/../../../../arm-none-eabi/lib/armv6k/fpu/libsysbase.a(flock.o)
                0x00000000001a5440                __flockfile
                0x00000000001a5448                __funlockfile
 .text          0x00000000001a5450      0x108 /opt/devkitpro/devkitARM/lib/gcc/arm-none-eabi/5.3.0/../../../../arm-none-eabi/lib/armv6k/fpu/libsysbase.a(syscall_support.o)
                0x00000000001a5450                __libc_lock_init
                0x00000000001a5468                __libc_lock_acquire
                0x00000000001a5480                __libc_lock_try_acquire
                0x00000000001a54a4                __libc_lock_release
                0x00000000001a54bc                __libc_lock_close
                0x00000000001a54d4                __libc_lock_init_recursive
                0x00000000001a54ec                __libc_lock_acquire_recursive
                0x00000000001a5504                __libc_lock_try_acquire_recursive
                0x00000000001a5528                __libc_lock_release_recursive
                0x00000000001a5540                __libc_lock_close_recursive
 .text          0x00000000001a5558      0x2c4 /opt/devkitpro/devkitARM/lib/gcc/arm-none-eabi/5.3.0/../../../../arm-none-eabi/lib/armv6k/fpu/libsysbase.a(handle_manager.o)
                0x00000000001a5558                __free_handle
                0x00000000001a559c                __release_handle
                0x00000000001a55d8                __alloc_handle
                0x00000000001a5650                __get_handle
                0x00000000001a566c                dup
                0x00000000001a5710                dup2
 .text          0x00000000001a581c       0x28 /opt/devkitpro/devkitARM/lib/gcc/arm-none-eabi/5.3.0/../../../../arm-none-eabi/lib/armv6k/fpu/libsysbase.a(getreent.o)
                0x00000000001a581c                __getreent
 *(.text.*)
 .text._ZL21addrMapNodeComparatorPK11rbtree_nodeS1_
                0x00000000001a5844       0x24 /home/omikey/Desktop/sample/../libctru/lib/libctru.a(vram.o)
 .text._ZL21addrMapNodeDestructorP11rbtree_node
                0x00000000001a5868        0x4 /home/omikey/Desktop/sample/../libctru/lib/libctru.a(vram.o)
 .text.vramMemAlign
                0x00000000001a586c      0x130 /home/omikey/Desktop/sample/../libctru/lib/libctru.a(vram.o)
                0x00000000001a586c                vramMemAlign
 .text.vramAlloc
                0x00000000001a599c        0x8 /home/omikey/Desktop/sample/../libctru/lib/libctru.a(vram.o)
                0x00000000001a599c                vramAlloc
 .text.vramFree
                0x00000000001a59a4       0x50 /home/omikey/Desktop/sample/../libctru/lib/libctru.a(vram.o)
                0x00000000001a59a4                vramFree
 .text.vramSpaceFree
                0x00000000001a59f4        0xc /home/omikey/Desktop/sample/../libctru/lib/libctru.a(vram.o)
                0x00000000001a59f4                vramSpaceFree
 .text._ZL21addrMapNodeComparatorPK11rbtree_nodeS1_
                0x00000000001a5a00       0x24 /home/omikey/Desktop/sample/../libctru/lib/libctru.a(linear.o)
 .text._ZL21addrMapNodeDestructorP11rbtree_node
                0x00000000001a5a24        0x4 /home/omikey/Desktop/sample/../libctru/lib/libctru.a(linear.o)
 .text.linearMemAlign
                0x00000000001a5a28      0x140 /home/omikey/Desktop/sample/../libctru/lib/libctru.a(linear.o)
                0x00000000001a5a28                linearMemAlign
 .text.linearAlloc
                0x00000000001a5b68        0x8 /home/omikey/Desktop/sample/../libctru/lib/libctru.a(linear.o)
                0x00000000001a5b68                linearAlloc
 .text.linearFree
                0x00000000001a5b70       0x50 /home/omikey/Desktop/sample/../libctru/lib/libctru.a(linear.o)
                0x00000000001a5b70                linearFree
 .text.linearSpaceFree
                0x00000000001a5bc0        0xc /home/omikey/Desktop/sample/../libctru/lib/libctru.a(linear.o)
                0x00000000001a5bc0                linearSpaceFree
 .text._ZN7MemPool13CoalesceRightEP8MemBlock
                0x00000000001a5bcc       0xa0 /home/omikey/Desktop/sample/../libctru/lib/libctru.a(mem_pool.o)
                0x00000000001a5bcc                MemPool::CoalesceRight(MemBlock*)
 .text._ZN7MemPool8AllocateER8MemChunkmi
                0x00000000001a5c6c      0x18c /home/omikey/Desktop/sample/../libctru/lib/libctru.a(mem_pool.o)
                0x00000000001a5c6c                MemPool::Allocate(MemChunk&, unsigned long, int)
 .text._ZN7MemPool10DeallocateERK8MemChunk
                0x00000000001a5df8      0x104 /home/omikey/Desktop/sample/../libctru/lib/libctru.a(mem_pool.o)
                0x00000000001a5df8                MemPool::Deallocate(MemChunk const&)
 .text._ZN7MemPool12GetFreeSpaceEv
                0x00000000001a5efc       0x30 /home/omikey/Desktop/sample/../libctru/lib/libctru.a(mem_pool.o)
                0x00000000001a5efc                MemPool::GetFreeSpace()
 .text.getSysTime
                0x00000000001a5f2c       0x58 /home/omikey/Desktop/sample/../libctru/lib/libctru.a(os.o)
 .text.osConvertVirtToPhys
                0x00000000001a5f84       0x4c /home/omikey/Desktop/sample/../libctru/lib/libctru.a(os.o)
                0x00000000001a5f84                osConvertVirtToPhys
 .text.osGetMemRegionUsed
                0x00000000001a5fd0       0x24 /home/omikey/Desktop/sample/../libctru/lib/libctru.a(os.o)
                0x00000000001a5fd0                osGetMemRegionUsed
 *fill*         0x00000000001a5ff4        0x4 
 .text.__libctru_gtod
                0x00000000001a5ff8       0xf8 /home/omikey/Desktop/sample/../libctru/lib/libctru.a(os.o)
                0x00000000001a5ff8                __libctru_gtod
 .text.osGetTime
                0x00000000001a60f0       0x78 /home/omikey/Desktop/sample/../libctru/lib/libctru.a(os.o)
                0x00000000001a60f0                osGetTime
 .text.__ctru_speedup_config
                0x00000000001a6168       0x34 /home/omikey/Desktop/sample/../libctru/lib/libctru.a(os.o)
                0x00000000001a6168                __ctru_speedup_config
 .text.gfxSetFramebufferInfo.part.0
                0x00000000001a619c       0x8c /home/omikey/Desktop/sample/../libctru/lib/libctru.a(gfx.o)
 .text.gfxSet3D
                0x00000000001a6228       0x10 /home/omikey/Desktop/sample/../libctru/lib/libctru.a(gfx.o)
                0x00000000001a6228                gfxSet3D
 .text.gfxSetFramebufferInfo
                0x00000000001a6238       0x70 /home/omikey/Desktop/sample/../libctru/lib/libctru.a(gfx.o)
                0x00000000001a6238                gfxSetFramebufferInfo
 .text.gfxWriteFramebufferInfo
                0x00000000001a62a8       0x88 /home/omikey/Desktop/sample/../libctru/lib/libctru.a(gfx.o)
                0x00000000001a62a8                gfxWriteFramebufferInfo
 .text.gfxInit  0x00000000001a6330      0x1d0 /home/omikey/Desktop/sample/../libctru/lib/libctru.a(gfx.o)
                0x00000000001a6330                gfxInit
 .text.gfxInitDefault
                0x00000000001a6500       0x10 /home/omikey/Desktop/sample/../libctru/lib/libctru.a(gfx.o)
                0x00000000001a6500                gfxInitDefault
 .text.gfxExit  0x00000000001a6510       0xe0 /home/omikey/Desktop/sample/../libctru/lib/libctru.a(gfx.o)
                0x00000000001a6510                gfxExit
 .text.gfxGetFramebuffer
                0x00000000001a65f0       0xb0 /home/omikey/Desktop/sample/../libctru/lib/libctru.a(gfx.o)
                0x00000000001a65f0                gfxGetFramebuffer
 .text.gfxConfigScreen
                0x00000000001a66a0       0x70 /home/omikey/Desktop/sample/../libctru/lib/libctru.a(gfx.o)
                0x00000000001a66a0                gfxConfigScreen
 .text.gfxSwapBuffersGpu
                0x00000000001a6710       0x20 /home/omikey/Desktop/sample/../libctru/lib/libctru.a(gfx.o)
                0x00000000001a6710                gfxSwapBuffersGpu
 .text.GPU_Init
                0x00000000001a6730       0x2c /home/omikey/Desktop/sample/../libctru/lib/libctru.a(gpu-old.o)
                0x00000000001a6730                GPU_Init
 .text.GPU_Reset
                0x00000000001a675c       0x10 /home/omikey/Desktop/sample/../libctru/lib/libctru.a(gpu-old.o)
                0x00000000001a675c                GPU_Reset
 .text.GPU_SetFloatUniform
                0x00000000001a676c       0x70 /home/omikey/Desktop/sample/../libctru/lib/libctru.a(gpu-old.o)
                0x00000000001a676c                GPU_SetFloatUniform
 .text.GPU_SetViewport
                0x00000000001a67dc      0x1f4 /home/omikey/Desktop/sample/../libctru/lib/libctru.a(gpu-old.o)
                0x00000000001a67dc                GPU_SetViewport
 .text.GPU_SetScissorTest
                0x00000000001a69d0       0x4c /home/omikey/Desktop/sample/../libctru/lib/libctru.a(gpu-old.o)
                0x00000000001a69d0                GPU_SetScissorTest
 .text.GPU_DepthMap
                0x00000000001a6a1c       0x7c /home/omikey/Desktop/sample/../libctru/lib/libctru.a(gpu-old.o)
                0x00000000001a6a1c                GPU_DepthMap
 .text.GPU_SetAlphaTest
                0x00000000001a6a98       0x38 /home/omikey/Desktop/sample/../libctru/lib/libctru.a(gpu-old.o)
                0x00000000001a6a98                GPU_SetAlphaTest
 .text.GPU_SetStencilTest
                0x00000000001a6ad0       0x48 /home/omikey/Desktop/sample/../libctru/lib/libctru.a(gpu-old.o)
                0x00000000001a6ad0                GPU_SetStencilTest
 .text.GPU_SetStencilOp
                0x00000000001a6b18       0x34 /home/omikey/Desktop/sample/../libctru/lib/libctru.a(gpu-old.o)
                0x00000000001a6b18                GPU_SetStencilOp
 .text.GPU_SetDepthTestAndWriteMask
                0x00000000001a6b4c       0x38 /home/omikey/Desktop/sample/../libctru/lib/libctru.a(gpu-old.o)
                0x00000000001a6b4c                GPU_SetDepthTestAndWriteMask
 .text.GPU_SetAlphaBlending
                0x00000000001a6b84       0x68 /home/omikey/Desktop/sample/../libctru/lib/libctru.a(gpu-old.o)
                0x00000000001a6b84                GPU_SetAlphaBlending
 .text.GPU_SetBlendingColor
                0x00000000001a6bec       0x3c /home/omikey/Desktop/sample/../libctru/lib/libctru.a(gpu-old.o)
                0x00000000001a6bec                GPU_SetBlendingColor
 .text.GPU_SetTextureEnable
                0x00000000001a6c28       0x4c /home/omikey/Desktop/sample/../libctru/lib/libctru.a(gpu-old.o)
                0x00000000001a6c28                GPU_SetTextureEnable
 .text.GPU_SetTexture
                0x00000000001a6c74      0x198 /home/omikey/Desktop/sample/../libctru/lib/libctru.a(gpu-old.o)
                0x00000000001a6c74                GPU_SetTexture
 .text.GPU_SetAttributeBuffers
                0x00000000001a6e0c      0x200 /home/omikey/Desktop/sample/../libctru/lib/libctru.a(gpu-old.o)
                0x00000000001a6e0c                GPU_SetAttributeBuffers
 .text.GPU_SetFaceCulling
                0x00000000001a700c       0x2c /home/omikey/Desktop/sample/../libctru/lib/libctru.a(gpu-old.o)
                0x00000000001a700c                GPU_SetFaceCulling
 .text.GPU_SetTexEnv
                0x00000000001a7038       0x78 /home/omikey/Desktop/sample/../libctru/lib/libctru.a(gpu-old.o)
                0x00000000001a7038                GPU_SetTexEnv
 .text.GPU_DrawArray
                0x00000000001a70b0      0x130 /home/omikey/Desktop/sample/../libctru/lib/libctru.a(gpu-old.o)
                0x00000000001a70b0                GPU_DrawArray
 .text.GPU_FinishDrawing
                0x00000000001a71e0       0x5c /home/omikey/Desktop/sample/../libctru/lib/libctru.a(gpu-old.o)
                0x00000000001a71e0                GPU_FinishDrawing
 .text.GPU_SetShaderOutmap
                0x00000000001a723c       0x48 /home/omikey/Desktop/sample/../libctru/lib/libctru.a(shaderProgram.o)
 .text.GPU_SendShaderCode.constprop.0
                0x00000000001a7284       0xb8 /home/omikey/Desktop/sample/../libctru/lib/libctru.a(shaderProgram.o)
 .text.GPU_SendOperandDescriptors.constprop.1
                0x00000000001a733c       0x70 /home/omikey/Desktop/sample/../libctru/lib/libctru.a(shaderProgram.o)
 .text.shaderInstanceInit
                0x00000000001a73ac      0x23c /home/omikey/Desktop/sample/../libctru/lib/libctru.a(shaderProgram.o)
                0x00000000001a73ac                shaderInstanceInit
 .text.shaderInstanceFree
                0x00000000001a75e8       0x38 /home/omikey/Desktop/sample/../libctru/lib/libctru.a(shaderProgram.o)
                0x00000000001a75e8                shaderInstanceFree
 .text.shaderInstanceGetUniformLocation
                0x00000000001a7620       0x18 /home/omikey/Desktop/sample/../libctru/lib/libctru.a(shaderProgram.o)
                0x00000000001a7620                shaderInstanceGetUniformLocation
 .text.shaderProgramInit
                0x00000000001a7638       0x18 /home/omikey/Desktop/sample/../libctru/lib/libctru.a(shaderProgram.o)
                0x00000000001a7638                shaderProgramInit
 .text.shaderProgramFree
                0x00000000001a7650       0x30 /home/omikey/Desktop/sample/../libctru/lib/libctru.a(shaderProgram.o)
                0x00000000001a7650                shaderProgramFree
 .text.shaderProgramSetVsh
                0x00000000001a7680       0x6c /home/omikey/Desktop/sample/../libctru/lib/libctru.a(shaderProgram.o)
                0x00000000001a7680                shaderProgramSetVsh
 .text.shaderProgramConfigure
                0x00000000001a76ec      0x340 /home/omikey/Desktop/sample/../libctru/lib/libctru.a(shaderProgram.o)
                0x00000000001a76ec                shaderProgramConfigure
 .text.shaderProgramUse
                0x00000000001a7a2c      0x12c /home/omikey/Desktop/sample/../libctru/lib/libctru.a(shaderProgram.o)
                0x00000000001a7a2c                shaderProgramUse
 .text.DVLB_Free
                0x00000000001a7b58       0x3c /home/omikey/Desktop/sample/../libctru/lib/libctru.a(shbin.o)
                0x00000000001a7b58                DVLB_Free
 .text.DVLE_GetUniformRegister
                0x00000000001a7b94       0x80 /home/omikey/Desktop/sample/../libctru/lib/libctru.a(shbin.o)
                0x00000000001a7b94                DVLE_GetUniformRegister
 .text.DVLE_GenerateOutmap
                0x00000000001a7c14      0x198 /home/omikey/Desktop/sample/../libctru/lib/libctru.a(shbin.o)
                0x00000000001a7c14                DVLE_GenerateOutmap
 .text.DVLB_ParseFile
                0x00000000001a7dac      0x198 /home/omikey/Desktop/sample/../libctru/lib/libctru.a(shbin.o)
                0x00000000001a7dac                DVLB_ParseFile
 .text.GX_ProcessCommandList
                0x00000000001a7f44       0x54 /home/omikey/Desktop/sample/../libctru/lib/libctru.a(gx.o)
                0x00000000001a7f44                GX_ProcessCommandList
 .text.GX_MemoryFill
                0x00000000001a7f98       0x60 /home/omikey/Desktop/sample/../libctru/lib/libctru.a(gx.o)
                0x00000000001a7f98                GX_MemoryFill
 .text.GX_DisplayTransfer
                0x00000000001a7ff8       0x50 /home/omikey/Desktop/sample/../libctru/lib/libctru.a(gx.o)
                0x00000000001a7ff8                GX_DisplayTransfer
 .text.GX_FlushCacheRegions
                0x00000000001a8048       0x54 /home/omikey/Desktop/sample/../libctru/lib/libctru.a(gx.o)
                0x00000000001a8048                GX_FlushCacheRegions
 .text.GPUCMD_SetBuffer
                0x00000000001a809c       0x2c /home/omikey/Desktop/sample/../libctru/lib/libctru.a(gpu.o)
                0x00000000001a809c                GPUCMD_SetBuffer
 .text.GPUCMD_SetBufferOffset
                0x00000000001a80c8       0x10 /home/omikey/Desktop/sample/../libctru/lib/libctru.a(gpu.o)
                0x00000000001a80c8                GPUCMD_SetBufferOffset
 .text.GPUCMD_FlushAndRun
                0x00000000001a80d8       0x68 /home/omikey/Desktop/sample/../libctru/lib/libctru.a(gpu.o)
                0x00000000001a80d8                GPUCMD_FlushAndRun
 .text.GPUCMD_Add
                0x00000000001a8140       0xe4 /home/omikey/Desktop/sample/../libctru/lib/libctru.a(gpu.o)
                0x00000000001a8140                GPUCMD_Add
 .text.GPUCMD_Finalize
                0x00000000001a8224       0x98 /home/omikey/Desktop/sample/../libctru/lib/libctru.a(gpu.o)
                0x00000000001a8224                GPUCMD_Finalize
 .text.f32tof24
                0x00000000001a82bc       0x40 /home/omikey/Desktop/sample/../libctru/lib/libctru.a(gpu.o)
                0x00000000001a82bc                f32tof24
 .text.f32tof31
                0x00000000001a82fc       0x40 /home/omikey/Desktop/sample/../libctru/lib/libctru.a(gpu.o)
                0x00000000001a82fc                f32tof31
 .text.gspEventThreadMain
                0x00000000001a833c      0x124 /home/omikey/Desktop/sample/../libctru/lib/libctru.a(gspgpu.o)
 .text.gspInit  0x00000000001a8460       0x74 /home/omikey/Desktop/sample/../libctru/lib/libctru.a(gspgpu.o)
                0x00000000001a8460                gspInit
 .text.gspExit  0x00000000001a84d4       0x3c /home/omikey/Desktop/sample/../libctru/lib/libctru.a(gspgpu.o)
                0x00000000001a84d4                gspExit
 .text.gspInitEventHandler
                0x00000000001a8510       0xd0 /home/omikey/Desktop/sample/../libctru/lib/libctru.a(gspgpu.o)
                0x00000000001a8510                gspInitEventHandler
 .text.gspExitEventHandler
                0x00000000001a85e0       0x5c /home/omikey/Desktop/sample/../libctru/lib/libctru.a(gspgpu.o)
                0x00000000001a85e0                gspExitEventHandler
 .text.gspWaitForEvent
                0x00000000001a863c       0x58 /home/omikey/Desktop/sample/../libctru/lib/libctru.a(gspgpu.o)
                0x00000000001a863c                gspWaitForEvent
 .text.gspSubmitGxCommand
                0x00000000001a8694      0x128 /home/omikey/Desktop/sample/../libctru/lib/libctru.a(gspgpu.o)
                0x00000000001a8694                gspSubmitGxCommand
 .text.GSPGPU_SetBufferSwap
                0x00000000001a87bc       0x6c /home/omikey/Desktop/sample/../libctru/lib/libctru.a(gspgpu.o)
                0x00000000001a87bc                GSPGPU_SetBufferSwap
 .text.GSPGPU_FlushDataCache
                0x00000000001a8828       0x4c /home/omikey/Desktop/sample/../libctru/lib/libctru.a(gspgpu.o)
                0x00000000001a8828                GSPGPU_FlushDataCache
 .text.GSPGPU_SetLcdForceBlack
                0x00000000001a8874       0x34 /home/omikey/Desktop/sample/../libctru/lib/libctru.a(gspgpu.o)
                0x00000000001a8874                GSPGPU_SetLcdForceBlack
 .text.GSPGPU_RegisterInterruptRelayQueue
                0x00000000001a88a8       0x64 /home/omikey/Desktop/sample/../libctru/lib/libctru.a(gspgpu.o)
                0x00000000001a88a8                GSPGPU_RegisterInterruptRelayQueue
 .text.GSPGPU_UnregisterInterruptRelayQueue
                0x00000000001a890c       0x2c /home/omikey/Desktop/sample/../libctru/lib/libctru.a(gspgpu.o)
                0x00000000001a890c                GSPGPU_UnregisterInterruptRelayQueue
 .text.GSPGPU_AcquireRight
                0x00000000001a8938       0x48 /home/omikey/Desktop/sample/../libctru/lib/libctru.a(gspgpu.o)
                0x00000000001a8938                GSPGPU_AcquireRight
 .text.GSPGPU_ReleaseRight
                0x00000000001a8980       0x2c /home/omikey/Desktop/sample/../libctru/lib/libctru.a(gspgpu.o)
                0x00000000001a8980                GSPGPU_ReleaseRight
 .text.GSPGPU_ImportDisplayCaptureInfo
                0x00000000001a89ac       0x80 /home/omikey/Desktop/sample/../libctru/lib/libctru.a(gspgpu.o)
                0x00000000001a89ac                GSPGPU_ImportDisplayCaptureInfo
 .text.GSPGPU_SaveVramSysArea
                0x00000000001a8a2c       0x2c /home/omikey/Desktop/sample/../libctru/lib/libctru.a(gspgpu.o)
                0x00000000001a8a2c                GSPGPU_SaveVramSysArea
 .text.GSPGPU_RestoreVramSysArea
                0x00000000001a8a58       0x2c /home/omikey/Desktop/sample/../libctru/lib/libctru.a(gspgpu.o)
                0x00000000001a8a58                GSPGPU_RestoreVramSysArea
 .text.hidExit  0x00000000001a8a84       0xd8 /home/omikey/Desktop/sample/../libctru/lib/libctru.a(hid.o)
                0x00000000001a8a84                hidExit
 .text.hidScanInput
                0x00000000001a8b5c      0x238 /home/omikey/Desktop/sample/../libctru/lib/libctru.a(hid.o)
                0x00000000001a8b5c                hidScanInput
 .text.hidKeysHeld
                0x00000000001a8d94       0x10 /home/omikey/Desktop/sample/../libctru/lib/libctru.a(hid.o)
                0x00000000001a8d94                hidKeysHeld
 .text.hidKeysDown
                0x00000000001a8da4       0x10 /home/omikey/Desktop/sample/../libctru/lib/libctru.a(hid.o)
                0x00000000001a8da4                hidKeysDown
 .text.hidTouchRead
                0x00000000001a8db4       0x18 /home/omikey/Desktop/sample/../libctru/lib/libctru.a(hid.o)
                0x00000000001a8db4                hidTouchRead
 .text.HIDUSER_GetHandles
                0x00000000001a8dcc       0x90 /home/omikey/Desktop/sample/../libctru/lib/libctru.a(hid.o)
                0x00000000001a8dcc                HIDUSER_GetHandles
 .text.hidInit  0x00000000001a8e5c      0x184 /home/omikey/Desktop/sample/../libctru/lib/libctru.a(hid.o)
                0x00000000001a8e5c                hidInit
 .text.fsInit   0x00000000001a8fe0       0xc8 /home/omikey/Desktop/sample/../libctru/lib/libctru.a(fs.o)
                0x00000000001a8fe0                fsInit
 .text.fsExit   0x00000000001a90a8       0x34 /home/omikey/Desktop/sample/../libctru/lib/libctru.a(fs.o)
                0x00000000001a90a8                fsExit
 .text.FSUSER_OpenFile
                0x00000000001a90dc       0xdc /home/omikey/Desktop/sample/../libctru/lib/libctru.a(fs.o)
                0x00000000001a90dc                FSUSER_OpenFile
 .text.FSUSER_DeleteFile
                0x00000000001a91b8       0xb8 /home/omikey/Desktop/sample/../libctru/lib/libctru.a(fs.o)
                0x00000000001a91b8                FSUSER_DeleteFile
 .text.FSUSER_RenameFile
                0x00000000001a9270       0xf4 /home/omikey/Desktop/sample/../libctru/lib/libctru.a(fs.o)
                0x00000000001a9270                FSUSER_RenameFile
 .text.FSUSER_DeleteDirectory
                0x00000000001a9364       0xb8 /home/omikey/Desktop/sample/../libctru/lib/libctru.a(fs.o)
                0x00000000001a9364                FSUSER_DeleteDirectory
 .text.FSUSER_CreateFile
                0x00000000001a941c       0xd0 /home/omikey/Desktop/sample/../libctru/lib/libctru.a(fs.o)
                0x00000000001a941c                FSUSER_CreateFile
 .text.FSUSER_CreateDirectory
                0x00000000001a94ec       0xc0 /home/omikey/Desktop/sample/../libctru/lib/libctru.a(fs.o)
                0x00000000001a94ec                FSUSER_CreateDirectory
 .text.FSUSER_RenameDirectory
                0x00000000001a95ac       0xf4 /home/omikey/Desktop/sample/../libctru/lib/libctru.a(fs.o)
                0x00000000001a95ac                FSUSER_RenameDirectory
 .text.FSUSER_OpenDirectory
                0x00000000001a96a0       0xc4 /home/omikey/Desktop/sample/../libctru/lib/libctru.a(fs.o)
                0x00000000001a96a0                FSUSER_OpenDirectory
 .text.FSUSER_OpenArchive
                0x00000000001a9764       0xbc /home/omikey/Desktop/sample/../libctru/lib/libctru.a(fs.o)
                0x00000000001a9764                FSUSER_OpenArchive
 .text.FSUSER_CloseArchive
                0x00000000001a9820       0x88 /home/omikey/Desktop/sample/../libctru/lib/libctru.a(fs.o)
                0x00000000001a9820                FSUSER_CloseArchive
 .text.FSUSER_GetSdmcArchiveResource
                0x00000000001a98a8       0x8c /home/omikey/Desktop/sample/../libctru/lib/libctru.a(fs.o)
                0x00000000001a98a8                FSUSER_GetSdmcArchiveResource
 .text.FSUSER_IsSdmcWritable
                0x00000000001a9934       0x64 /home/omikey/Desktop/sample/../libctru/lib/libctru.a(fs.o)
                0x00000000001a9934                FSUSER_IsSdmcWritable
 .text.FSFILE_Read
                0x00000000001a9998       0x5c /home/omikey/Desktop/sample/../libctru/lib/libctru.a(fs.o)
                0x00000000001a9998                FSFILE_Read
 .text.FSFILE_Write
                0x00000000001a99f4       0x64 /home/omikey/Desktop/sample/../libctru/lib/libctru.a(fs.o)
                0x00000000001a99f4                FSFILE_Write
 .text.FSFILE_GetSize
                0x00000000001a9a58       0x3c /home/omikey/Desktop/sample/../libctru/lib/libctru.a(fs.o)
                0x00000000001a9a58                FSFILE_GetSize
 .text.FSFILE_SetSize
                0x00000000001a9a94       0x2c /home/omikey/Desktop/sample/../libctru/lib/libctru.a(fs.o)
                0x00000000001a9a94                FSFILE_SetSize
 .text.FSFILE_Close
                0x00000000001a9ac0       0x3c /home/omikey/Desktop/sample/../libctru/lib/libctru.a(fs.o)
                0x00000000001a9ac0                FSFILE_Close
 .text.FSFILE_Flush
                0x00000000001a9afc       0x24 /home/omikey/Desktop/sample/../libctru/lib/libctru.a(fs.o)
                0x00000000001a9afc                FSFILE_Flush
 .text.FSDIR_Read
                0x00000000001a9b20       0x54 /home/omikey/Desktop/sample/../libctru/lib/libctru.a(fs.o)
                0x00000000001a9b20                FSDIR_Read
 .text.FSDIR_Close
                0x00000000001a9b74       0x3c /home/omikey/Desktop/sample/../libctru/lib/libctru.a(fs.o)
                0x00000000001a9b74                FSDIR_Close
 .text.__apt_initservicehandle
                0x00000000001a9bb0       0x68 /home/omikey/Desktop/sample/../libctru/lib/libctru.a(apt.o)
 .text._aptDebug
                0x00000000001a9c18        0x4 /home/omikey/Desktop/sample/../libctru/lib/libctru.a(apt.o)
                0x00000000001a9c18                _aptDebug
 .text.aptInitCaptureInfo
                0x00000000001a9c1c       0x98 /home/omikey/Desktop/sample/../libctru/lib/libctru.a(apt.o)
                0x00000000001a9c1c                aptInitCaptureInfo
 .text.aptWaitStatusEvent
                0x00000000001a9cb4       0x28 /home/omikey/Desktop/sample/../libctru/lib/libctru.a(apt.o)
                0x00000000001a9cb4                aptWaitStatusEvent
 .text.aptGetMenuAppID
                0x00000000001a9cdc       0x60 /home/omikey/Desktop/sample/../libctru/lib/libctru.a(apt.o)
                0x00000000001a9cdc                aptGetMenuAppID
 .text.aptHook  0x00000000001a9d3c       0x34 /home/omikey/Desktop/sample/../libctru/lib/libctru.a(apt.o)
                0x00000000001a9d3c                aptHook
 .text.aptUnhook
                0x00000000001a9d70       0x2c /home/omikey/Desktop/sample/../libctru/lib/libctru.a(apt.o)
                0x00000000001a9d70                aptUnhook
 .text.aptSetStatus
                0x00000000001a9d9c       0x6c /home/omikey/Desktop/sample/../libctru/lib/libctru.a(apt.o)
                0x00000000001a9d9c                aptSetStatus
 .text.APT_GetLockHandle
                0x00000000001a9e08       0x48 /home/omikey/Desktop/sample/../libctru/lib/libctru.a(apt.o)
                0x00000000001a9e08                APT_GetLockHandle
 .text.APT_Initialize
                0x00000000001a9e50       0x60 /home/omikey/Desktop/sample/../libctru/lib/libctru.a(apt.o)
                0x00000000001a9e50                APT_Initialize
 .text.APT_Finalize
                0x00000000001a9eb0       0x34 /home/omikey/Desktop/sample/../libctru/lib/libctru.a(apt.o)
                0x00000000001a9eb0                APT_Finalize
 .text.APT_InquireNotification
                0x00000000001a9ee4       0x48 /home/omikey/Desktop/sample/../libctru/lib/libctru.a(apt.o)
                0x00000000001a9ee4                APT_InquireNotification
 .text.APT_PrepareToJumpToHomeMenu
                0x00000000001a9f2c       0x2c /home/omikey/Desktop/sample/../libctru/lib/libctru.a(apt.o)
                0x00000000001a9f2c                APT_PrepareToJumpToHomeMenu
 .text.APT_JumpToHomeMenu
                0x00000000001a9f58       0x50 /home/omikey/Desktop/sample/../libctru/lib/libctru.a(apt.o)
                0x00000000001a9f58                APT_JumpToHomeMenu
 .text.APT_PrepareToJumpToApplication
                0x00000000001a9fa8       0x34 /home/omikey/Desktop/sample/../libctru/lib/libctru.a(apt.o)
                0x00000000001a9fa8                APT_PrepareToJumpToApplication
 .text.APT_JumpToApplication
                0x00000000001a9fdc       0x50 /home/omikey/Desktop/sample/../libctru/lib/libctru.a(apt.o)
                0x00000000001a9fdc                APT_JumpToApplication